Component: ARM Compiler 5.06 update 3 (build 300) Tool: armlink [4d35c9]

==============================================================================

Section Cross References

    startup_stm32f415xx.o(RESET) refers to startup_stm32f415xx.o(STACK) for __initial_sp
    startup_stm32f415xx.o(RESET) refers to startup_stm32f415xx.o(.text) for Reset_Handler
    startup_stm32f415xx.o(RESET) refers to stm32f4xx_it.o(i.NMI_Handler) for NMI_Handler
    startup_stm32f415xx.o(RESET) refers to stm32f4xx_it.o(i.HardFault_Handler) for HardFault_Handler
    startup_stm32f415xx.o(RESET) refers to stm32f4xx_it.o(i.MemManage_Handler) for MemManage_Handler
    startup_stm32f415xx.o(RESET) refers to stm32f4xx_it.o(i.BusFault_Handler) for BusFault_Handler
    startup_stm32f415xx.o(RESET) refers to stm32f4xx_it.o(i.UsageFault_Handler) for UsageFault_Handler
    startup_stm32f415xx.o(RESET) refers to stm32f4xx_it.o(i.SVC_Handler) for SVC_Handler
    startup_stm32f415xx.o(RESET) refers to stm32f4xx_it.o(i.DebugMon_Handler) for DebugMon_Handler
    startup_stm32f415xx.o(RESET) refers to stm32f4xx_it.o(i.PendSV_Handler) for PendSV_Handler
    startup_stm32f415xx.o(RESET) refers to stm32f4xx_it.o(i.SysTick_Handler) for SysTick_Handler
    startup_stm32f415xx.o(RESET) refers to stm32f4xx_it.o(i.DMA1_Stream0_IRQHandler) for DMA1_Stream0_IRQHandler
    startup_stm32f415xx.o(RESET) refers to stm32f4xx_it.o(i.DMA1_Stream1_IRQHandler) for DMA1_Stream1_IRQHandler
    startup_stm32f415xx.o(RESET) refers to stm32f4xx_it.o(i.DMA1_Stream2_IRQHandler) for DMA1_Stream2_IRQHandler
    startup_stm32f415xx.o(RESET) refers to stm32f4xx_it.o(i.DMA1_Stream3_IRQHandler) for DMA1_Stream3_IRQHandler
    startup_stm32f415xx.o(RESET) refers to stm32f4xx_it.o(i.DMA1_Stream4_IRQHandler) for DMA1_Stream4_IRQHandler
    startup_stm32f415xx.o(RESET) refers to stm32f4xx_it.o(i.DMA1_Stream5_IRQHandler) for DMA1_Stream5_IRQHandler
    startup_stm32f415xx.o(RESET) refers to stm32f4xx_it.o(i.DMA1_Stream6_IRQHandler) for DMA1_Stream6_IRQHandler
    startup_stm32f415xx.o(RESET) refers to stm32f4xx_it.o(i.TIM1_UP_TIM10_IRQHandler) for TIM1_UP_TIM10_IRQHandler
    startup_stm32f415xx.o(RESET) refers to stm32f4xx_it.o(i.TIM2_IRQHandler) for TIM2_IRQHandler
    startup_stm32f415xx.o(RESET) refers to stm32f4xx_it.o(i.TIM3_IRQHandler) for TIM3_IRQHandler
    startup_stm32f415xx.o(RESET) refers to stm32f4xx_it.o(i.TIM4_IRQHandler) for TIM4_IRQHandler
    startup_stm32f415xx.o(RESET) refers to stm32f4xx_it.o(i.USART2_IRQHandler) for USART2_IRQHandler
    startup_stm32f415xx.o(RESET) refers to stm32f4xx_it.o(i.USART3_IRQHandler) for USART3_IRQHandler
    startup_stm32f415xx.o(RESET) refers to stm32f4xx_it.o(i.DMA1_Stream7_IRQHandler) for DMA1_Stream7_IRQHandler
    startup_stm32f415xx.o(RESET) refers to stm32f4xx_it.o(i.UART4_IRQHandler) for UART4_IRQHandler
    startup_stm32f415xx.o(RESET) refers to stm32f4xx_it.o(i.UART5_IRQHandler) for UART5_IRQHandler
    startup_stm32f415xx.o(.text) refers to system_stm32f4xx.o(i.SystemInit) for SystemInit
    startup_stm32f415xx.o(.text) refers to entry.o(.ARM.Collect$$$$00000000) for __main
    main.o(i.HAL_TIM_PeriodElapsedCallback) refers to stm32f4xx_hal.o(i.HAL_IncTick) for HAL_IncTick
    main.o(i.HAL_TIM_PeriodElapsedCallback) refers to printf1.o(i.__0printf$1) for __2printf
    main.o(i.HAL_TIM_PeriodElapsedCallback) refers to stm32f4xx_hal_uart.o(i.HAL_UART_Transmit) for HAL_UART_Transmit
    main.o(i.HAL_TIM_PeriodElapsedCallback) refers to main.o(.bss) for .bss
    main.o(i.HAL_TIM_PeriodElapsedCallback) refers to main.o(.data) for .data
    main.o(i.HAL_TIM_PeriodElapsedCallback) refers to main.o(.constdata) for .constdata
    main.o(i.MX_DMA_Init) refers to stm32f4xx_hal_cortex.o(i.HAL_NVIC_SetPriority) for HAL_NVIC_SetPriority
    main.o(i.MX_DMA_Init) refers to stm32f4xx_hal_cortex.o(i.HAL_NVIC_EnableIRQ) for HAL_NVIC_EnableIRQ
    main.o(i.MX_GPIO_Init) refers to memseta.o(.text) for __aeabi_memclr4
    main.o(i.MX_GPIO_Init) refers to stm32f4xx_hal_gpio.o(i.HAL_GPIO_WritePin) for HAL_GPIO_WritePin
    main.o(i.MX_GPIO_Init) refers to stm32f4xx_hal_gpio.o(i.HAL_GPIO_Init) for HAL_GPIO_Init
    main.o(i.MX_TIM2_Init) refers to stm32f4xx_hal_tim.o(i.HAL_TIM_Base_Init) for HAL_TIM_Base_Init
    main.o(i.MX_TIM2_Init) refers to stm32f4xx_hal_tim.o(i.HAL_TIM_ConfigClockSource) for HAL_TIM_ConfigClockSource
    main.o(i.MX_TIM2_Init) refers to stm32f4xx_hal_tim_ex.o(i.HAL_TIMEx_MasterConfigSynchronization) for HAL_TIMEx_MasterConfigSynchronization
    main.o(i.MX_TIM2_Init) refers to main.o(.bss) for .bss
    main.o(i.MX_TIM3_Init) refers to stm32f4xx_hal_tim.o(i.HAL_TIM_Base_Init) for HAL_TIM_Base_Init
    main.o(i.MX_TIM3_Init) refers to stm32f4xx_hal_tim.o(i.HAL_TIM_ConfigClockSource) for HAL_TIM_ConfigClockSource
    main.o(i.MX_TIM3_Init) refers to stm32f4xx_hal_tim_ex.o(i.HAL_TIMEx_MasterConfigSynchronization) for HAL_TIMEx_MasterConfigSynchronization
    main.o(i.MX_TIM3_Init) refers to main.o(.bss) for .bss
[...]
    ../clib/microlib/malloc/malloc.c         0x00000000   Number         0  malloca.o ABSOLUTE
    ../clib/microlib/malloc/mvars.c          0x00000000   Number         0  mvars.o ABSOLUTE
    ../clib/microlib/printf/printf.c         0x00000000   Number         0  printfa.o ABSOLUTE
    ../clib/microlib/printf/printf.c         0x00000000   Number         0  printf4.o ABSOLUTE
    ../clib/microlib/printf/printf.c         0x00000000   Number         0  printf3.o ABSOLUTE
    ../clib/microlib/printf/printf.c         0x00000000   Number         0  printfb.o ABSOLUTE
    ../clib/microlib/printf/printf.c         0x00000000   Number         0  printf2.o ABSOLUTE
    ../clib/microlib/printf/printf.c         0x00000000   Number         0  printf1.o ABSOLUTE
    ../clib/microlib/printf/printf.c         0x00000000   Number         0  printf0.o ABSOLUTE
    ../clib/microlib/printf/printf.c         0x00000000   Number         0  printf5.o ABSOLUTE
    ../clib/microlib/printf/printf.c         0x00000000   Number         0  printf8.o ABSOLUTE
    ../clib/microlib/printf/printf.c         0x00000000   Number         0  printf7.o ABSOLUTE
    ../clib/microlib/printf/printf.c         0x00000000   Number         0  printf6.o ABSOLUTE
    ../clib/microlib/printf/stubs.s          0x00000000   Number         0  stubs.o ABSOLUTE
    ../clib/microlib/stdio/streams.c         0x00000000   Number         0  stdout.o ABSOLUTE
    ../clib/microlib/string/memcmp.c         0x00000000   Number         0  memcmp.o ABSOLUTE
    ../clib/microlib/string/memcpy.c         0x00000000   Number         0  memcpyb.o ABSOLUTE
    ../clib/microlib/string/memcpy.c         0x00000000   Number         0  memcpya.o ABSOLUTE
    ../clib/microlib/string/memset.c         0x00000000   Number         0  memseta.o ABSOLUTE
    ../clib/microlib/stubs.s                 0x00000000   Number         0  iusefp.o ABSOLUTE
    ../fplib/microlib/fpadd.c                0x00000000   Number         0  dadd.o ABSOLUTE
    ../fplib/microlib/fpdiv.c                0x00000000   Number         0  ddiv.o ABSOLUTE
    ../fplib/microlib/fpepilogue.c           0x00000000   Number         0  depilogue.o ABSOLUTE
    ../fplib/microlib/fpfix.c                0x00000000   Number         0  dfixul.o ABSOLUTE
    ../fplib/microlib/fpmul.c                0x00000000   Number         0  dmul.o ABSOLUTE
    ..\Comuni\basic_encode.c                 0x00000000   Number         0  basic_encode.o ABSOLUTE
    ..\Comuni\encode_aes.c                   0x00000000   Number         0  encode_aes.o ABSOLUTE
    ..\Comuni\main_Decode.c                  0x00000000   Number         0  main_decode.o ABSOLUTE
    ..\Comuni\main_Encode.c                  0x00000000   Number         0  main_encode.o ABSOLUTE
    ..\Drivers\STM32F4xx_HAL_Driver\Src\stm32f4xx_hal.c 0x00000000   Number         0  stm32f4xx_hal.o ABSOLUTE
    ..\Drivers\STM32F4xx_HAL_Driver\Src\stm32f4xx_hal_cortex.c 0x00000000   Number         0  stm32f4xx_hal_cortex.o ABSOLUTE
    ..\Drivers\STM32F4xx_HAL_Driver\Src\stm32f4xx_hal_dma.c 0x00000000   Number         0  stm32f4xx_hal_dma.o ABSOLUTE
    ..\Drivers\STM32F4xx_HAL_Driver\Src\stm32f4xx_hal_dma_ex.c 0x00000000   Number         0  stm32f4xx_hal_dma_ex.o ABSOLUTE
    ..\Drivers\STM32F4xx_HAL_Driver\Src\stm32f4xx_hal_exti.c 0x00000000   Number         0  stm32f4xx_hal_exti.o ABSOLUTE
    ..\Drivers\STM32F4xx_HAL_Driver\Src\stm32f4xx_hal_flash.c 0x00000000   Number         0  stm32f4xx_hal_flash.o ABSOLUTE
    ..\Drivers\STM32F4xx_HAL_Driver\Src\stm32f4xx_hal_flash_ex.c 0x00000000   Number         0  stm32f4xx_hal_flash_ex.o ABSOLUTE
    ..\Drivers\STM32F4xx_HAL_Driver\Src\stm32f4xx_hal_flash_ramfunc.c 0x00000000   Number         0  stm32f4xx_hal_flash_ramfunc.o ABSOLUTE
    ..\Drivers\STM32F4xx_HAL_Driver\Src\stm32f4xx_hal_gpio.c 0x00000000   Number         0  stm32f4xx_hal_gpio.o ABSOLUTE
    ..\Drivers\STM32F4xx_HAL_Driver\Src\stm32f4xx_hal_pwr.c 0x00000000   Number         0  stm32f4xx_hal_pwr.o ABSOLUTE
    ..\Drivers\STM32F4xx_HAL_Driver\Src\stm32f4xx_hal_pwr_ex.c 0x00000000   Number         0  stm32f4xx_hal_pwr_ex.o ABSOLUTE
    ..\Drivers\STM32F4xx_HAL_Driver\Src\stm32f4xx_hal_rcc.c 0x00000000   Number         0  stm32f4xx_hal_rcc.o ABSOLUTE
    ..\Drivers\STM32F4xx_HAL_Driver\Src\stm32f4xx_hal_rcc_ex.c 0x00000000   Number         0  stm32f4xx_hal_rcc_ex.o ABSOLUTE
    ..\Drivers\STM32F4xx_HAL_Driver\Src\stm32f4xx_hal_tim.c 0x00000000   Number         0  stm32f4xx_hal_tim.o ABSOLUTE
    ..\Drivers\STM32F4xx_HAL_Driver\Src\stm32f4xx_hal_tim_ex.c 0x00000000   Number         0  stm32f4xx_hal_tim_ex.o ABSOLUTE
    ..\Drivers\STM32F4xx_HAL_Driver\Src\stm32f4xx_hal_uart.c 0x00000000   Number         0  stm32f4xx_hal_uart.o ABSOLUTE
    ..\Src\main.c                            0x00000000   Number         0  main.o ABSOLUTE
    ..\Src\stm32f4xx_hal_msp.c               0x00000000   Number         0  stm32f4xx_hal_msp.o ABSOLUTE
    ..\Src\stm32f4xx_hal_timebase_tim.c      0x00000000   Number         0  stm32f4xx_hal_timebase_tim.o ABSOLUTE
    ..\Src\stm32f4xx_it.c                    0x00000000   Number         0  stm32f4xx_it.o ABSOLUTE
    ..\Src\system_stm32f4xx.c                0x00000000   Number         0  system_stm32f4xx.o ABSOLUTE
    ..\\Comuni\\basic_encode.c               0x00000000   Number         0  basic_encode.o ABSOLUTE
    ..\\Comuni\\main_Decode.c                0x00000000   Number         0  main_decode.o ABSOLUTE
    ..\\Comuni\\main_Encode.c                0x00000000   Number         0  main_encode.o ABSOLUTE
    cdrcmple.s                               0x00000000   Number         0  cdrcmple.o ABSOLUTE
    dc.s                                     0x00000000   Number         0  dc.o ABSOLUTE
    handlers.s                               0x00000000   Number         0  handlers.o ABSOLUTE
    init.s                                   0x00000000   Number         0  init.o ABSOLUTE
    startup_stm32f415xx.s                    0x00000000   Number         0  startup_stm32f415xx.o ABSOLUTE
    sysu_sha256.c                            0x00000000   Number         0  sysu_sha256.o ABSOLUTE
    RESET                                    0x08000000   Section      392  startup_stm32f415xx.o(RESET)
    .ARM.Collect$$$$00000000                 0x08000188   Section        0  entry.o(.ARM.Collect$$$$00000000)
    .ARM.Collect$$$$00000001                 0x08000188   Section        4  entry2.o(.ARM.Collect$$$$00000001)
    .ARM.Collect$$$$00000004                 0x0800018c   Section        4  entry5.o(.ARM.Collect$$$$00000004)
    .ARM.Collect$$$$00000008                 0x08000190   Section        0  entry7b.o(.ARM.Collect$$$$00000008)
    .ARM.Collect$$$$0000000A                 0x08000190   Section        0  entry8b.o(.ARM.Collect$$$$0000000A)
    .ARM.Collect$$$$0000000B                 0x08000190   Section        8  entry9a.o(.ARM.Collect$$$$0000000B)
    .ARM.Collect$$$$0000000D                 0x08000198   Section        0  entry10a.o(.ARM.Collect$$$$0000000D)
    .ARM.Collect$$$$0000000F                 0x08000198   Section        0  entry11a.o(.ARM.Collect$$$$0000000F)
    .ARM.Collect$$$$00002712                 0x08000198   Section        4  entry2.o(.ARM.Collect$$$$00002712)
    __lit__00000000                          0x08000198   Data           4  entry2.o(.ARM.Collect$$$$00002712)
    .text                                    0x0800019c   Section       36  startup_stm32f415xx.o(.text)
    $v0                                      0x0800019c   Number         0  startup_stm32f415xx.o(.text)
    .text                                    0x080001c0   Section        0  uldiv.o(.text)
    .text                                    0x08000222   Section        0  memcpya.o(.text)
    .text                                    0x08000246   Section        0  memseta.o(.text)
    .text                                    0x0800026a   Section        0  memcmp.o(.text)
    .text                                    0x08000284   Section        0  uidiv.o(.text)
    .text                                    0x080002b0   Section        0  llshl.o(.text)
    .text                                    0x080002ce   Section        0  llushr.o(.text)
    .text                                    0x080002f0   Section       36  init.o(.text)
    .text                                    0x08000314   Section        0  __dclz77c.o(.text)
    i.AddRoundKey                            0x08000372   Section        0  encode_aes.o(i.AddRoundKey)
    i.BusFault_Handler                       0x080003f6   Section        0  stm32f4xx_it.o(i.BusFault_Handler)
    i.DMA1_Stream0_IRQHandler                0x080003f8   Section        0  stm32f4xx_it.o(i.DMA1_Stream0_IRQHandler)
    i.DMA1_Stream1_IRQHandler                0x08000404   Section        0  stm32f4xx_it.o(i.DMA1_Stream1_IRQHandler)
    i.DMA1_Stream2_IRQHandler                0x08000410   Section        0  stm32f4xx_it.o(i.DMA1_Stream2_IRQHandler)
    i.DMA1_Stream3_IRQHandler                0x0800041c   Section        0  stm32f4xx_it.o(i.DMA1_Stream3_IRQHandler)
    i.DMA1_Stream4_IRQHandler                0x08000428   Section        0  stm32f4xx_it.o(i.DMA1_Stream4_IRQHandler)
    i.DMA1_Stream5_IRQHandler                0x08000434   Section        0  stm32f4xx_it.o(i.DMA1_Stream5_IRQHandler)
    i.DMA1_Stream6_IRQHandler                0x08000440   Section        0  stm32f4xx_it.o(i.DMA1_Stream6_IRQHandler)
    i.DMA1_Stream7_IRQHandler                0x0800044c   Section        0  stm32f4xx_it.o(i.DMA1_Stream7_IRQHandler)
    i.DMA_CalcBaseAndBitshift                0x08000458   Section        0  stm32f4xx_hal_dma.o(i.DMA_CalcBaseAndBitshift)
    DMA_CalcBaseAndBitshift                  0x08000459   Thumb Code    34  stm32f4xx_hal_dma.o(i.DMA_CalcBaseAndBitshift)
    i.DMA_CheckFifoParam                     0x08000480   Section        0  stm32f4xx_hal_dma.o(i.DMA_CheckFifoParam)
    DMA_CheckFifoParam                       0x08000481   Thumb Code    84  stm32f4xx_hal_dma.o(i.DMA_CheckFifoParam)
    i.DMA_SetConfig                          0x080004d4   Section        0  stm32f4xx_hal_dma.o(i.DMA_SetConfig)
    DMA_SetConfig                            0x080004d5   Thumb Code    40  stm32f4xx_hal_dma.o(i.DMA_SetConfig)
    i.DebugMon_Handler                       0x080004fc   Section        0  stm32f4xx_it.o(i.DebugMon_Handler)
    i.Error_Handler                          0x080004fe   Section        0  main.o(i.Error_Handler)
    i.FLASH_Erase_Sector                     0x08000504   Section        0  stm32f4xx_hal_flash_ex.o(i.FLASH_Erase_Sector)
    i.FLASH_FlushCaches                      0x08000554   Section        0  stm32f4xx_hal_flash_ex.o(i.FLASH_FlushCaches)
    i.FLASH_MassErase                        0x080005a8   Section        0  stm32f4xx_hal_flash_ex.o(i.FLASH_MassErase)
    FLASH_MassErase                          0x080005a9   Thumb Code    34  stm32f4xx_hal_flash_ex.o(i.FLASH_MassErase)
    i.FLASH_SetErrorCode                     0x080005d0   Section        0  stm32f4xx_hal_flash.o(i.FLASH_SetErrorCode)
    FLASH_SetErrorCode                       0x080005d1   Thumb Code    96  stm32f4xx_hal_flash.o(i.FLASH_SetErrorCode)
    i.FLASH_WaitForLastOperation             0x08000638   Section        0  stm32f4xx_hal_flash.o(i.FLASH_WaitForLastOperation)
    i.HAL_DMA_Abort                          0x08000688   Section        0  stm32f4xx_hal_dma.o(i.HAL_DMA_Abort)
    i.HAL_DMA_Abort_IT                       0x08000716   Section        0  stm32f4xx_hal_dma.o(i.HAL_DMA_Abort_IT)
    i.HAL_DMA_IRQHandler                     0x0800073c   Section        0  stm32f4xx_hal_dma.o(i.HAL_DMA_IRQHandler)
    i.HAL_DMA_Init                           0x080008dc   Section        0  stm32f4xx_hal_dma.o(i.HAL_DMA_Init)
    i.HAL_DMA_Start_IT                       0x080009b0   Section        0  stm32f4xx_hal_dma.o(i.HAL_DMA_Start_IT)
    i.HAL_FLASHEx_Erase                      0x08000a20   Section        0  stm32f4xx_hal_flash_ex.o(i.HAL_FLASHEx_Erase)
    i.HAL_FLASH_Lock                         0x08000ab8   Section        0  stm32f4xx_hal_flash.o(i.HAL_FLASH_Lock)
    i.HAL_FLASH_Unlock                       0x08000acc   Section        0  stm32f4xx_hal_flash.o(i.HAL_FLASH_Unlock)
    i.HAL_GPIO_Init                          0x08000af8   Section        0  stm32f4xx_hal_gpio.o(i.HAL_GPIO_Init)
    i.HAL_GPIO_WritePin                      0x08000ce4   Section        0  stm32f4xx_hal_gpio.o(i.HAL_GPIO_WritePin)
    i.HAL_GetTick                            0x08000cf0   Section        0  stm32f4xx_hal.o(i.HAL_GetTick)
    i.HAL_IncTick                            0x08000cfc   Section        0  stm32f4xx_hal.o(i.HAL_IncTick)
    i.HAL_Init                               0x08000d0c   Section        0  stm32f4xx_hal.o(i.HAL_Init)
    i.HAL_InitTick                           0x08000d40   Section        0  stm32f4xx_hal_timebase_tim.o(i.HAL_InitTick)
    i.HAL_MspInit                            0x08000db4   Section        0  stm32f4xx_hal_msp.o(i.HAL_MspInit)
    i.HAL_NVIC_EnableIRQ                     0x08000de4   Section        0  stm32f4xx_hal_cortex.o(i.HAL_NVIC_EnableIRQ)
    i.HAL_NVIC_SetPriority                   0x08000e00   Section        0  stm32f4xx_hal_cortex.o(i.HAL_NVIC_SetPriority)
    i.HAL_NVIC_SetPriorityGrouping           0x08000e40   Section        0  stm32f4xx_hal_cortex.o(i.HAL_NVIC_SetPriorityGrouping)
    i.HAL_RCC_ClockConfig                    0x08000e64   Section        0  stm32f4xx_hal_rcc.o(i.HAL_RCC_ClockConfig)
    i.HAL_RCC_GetClockConfig                 0x08000f98   Section        0  stm32f4xx_hal_rcc.o(i.HAL_RCC_GetClockConfig)
    i.HAL_RCC_GetPCLK1Freq                   0x08000fd8   Section        0  stm32f4xx_hal_rcc.o(i.HAL_RCC_GetPCLK1Freq)
    i.HAL_RCC_GetPCLK2Freq                   0x08000ff8   Section        0  stm32f4xx_hal_rcc.o(i.HAL_RCC_GetPCLK2Freq)
    i.HAL_RCC_GetSysClockFreq                0x08001018   Section        0  stm32f4xx_hal_rcc.o(i.HAL_RCC_GetSysClockFreq)
    i.HAL_RCC_OscConfig                      0x0800107c   Section        0  stm32f4xx_hal_rcc.o(i.HAL_RCC_OscConfig)
    i.HAL_TIMEx_BreakCallback                0x080013e8   Section        0  stm32f4xx_hal_tim_ex.o(i.HAL_TIMEx_BreakCallback)
    i.HAL_TIMEx_CommutCallback               0x080013ea   Section        0  stm32f4xx_hal_tim_ex.o(i.HAL_TIMEx_CommutCallback)
    i.HAL_TIMEx_MasterConfigSynchronization  0x080013ec   Section        0  stm32f4xx_hal_tim_ex.o(i.HAL_TIMEx_MasterConfigSynchronization)
    i.HAL_TIM_Base_Init                      0x0800147c   Section        0  stm32f4xx_hal_tim.o(i.HAL_TIM_Base_Init)
    i.HAL_TIM_Base_MspInit                   0x080014d8   Section        0  stm32f4xx_hal_msp.o(i.HAL_TIM_Base_MspInit)
    i.HAL_TIM_Base_Start_IT                  0x08001560   Section        0  stm32f4xx_hal_tim.o(i.HAL_TIM_Base_Start_IT)
    i.HAL_TIM_ConfigClockSource              0x080015e0   Section        0  stm32f4xx_hal_tim.o(i.HAL_TIM_ConfigClockSource)
    i.HAL_TIM_IC_CaptureCallback             0x080016b6   Section        0  stm32f4xx_hal_tim.o(i.HAL_TIM_IC_CaptureCallback)
    i.HAL_TIM_IRQHandler                     0x080016b8   Section        0  stm32f4xx_hal_tim.o(i.HAL_TIM_IRQHandler)
    i.HAL_TIM_OC_DelayElapsedCallback        0x0800181e   Section        0  stm32f4xx_hal_tim.o(i.HAL_TIM_OC_DelayElapsedCallback)
    i.HAL_TIM_PWM_PulseFinishedCallback      0x08001820   Section        0  stm32f4xx_hal_tim.o(i.HAL_TIM_PWM_PulseFinishedCallback)
    i.HAL_TIM_PeriodElapsedCallback          0x08001824   Section        0  main.o(i.HAL_TIM_PeriodElapsedCallback)
    i.HAL_TIM_TriggerCallback                0x08001a00   Section        0  stm32f4xx_hal_tim.o(i.HAL_TIM_TriggerCallback)
    i.HAL_UARTEx_RxEventCallback             0x08001a02   Section        0  stm32f4xx_hal_uart.o(i.HAL_UARTEx_RxEventCallback)
    i.HAL_UART_DMAStop                       0x08001a04   Section        0  stm32f4xx_hal_uart.o(i.HAL_UART_DMAStop)
    i.HAL_UART_ErrorCallback                 0x08001a5c   Section        0  stm32f4xx_hal_uart.o(i.HAL_UART_ErrorCallback)
    i.HAL_UART_IRQHandler                    0x08001a60   Section        0  stm32f4xx_hal_uart.o(i.HAL_UART_IRQHandler)
    i.HAL_UART_Init                          0x08001c70   Section        0  stm32f4xx_hal_uart.o(i.HAL_UART_Init)
    i.HAL_UART_MspInit                       0x08001cd4   Section        0  stm32f4xx_hal_msp.o(i.HAL_UART_MspInit)
    i.HAL_UART_Receive_DMA                   0x08002024   Section        0  stm32f4xx_hal_uart.o(i.HAL_UART_Receive_DMA)
    i.HAL_UART_RxCpltCallback                0x0800204e   Section        0  stm32f4xx_hal_uart.o(i.HAL_UART_RxCpltCallback)
    i.HAL_UART_RxHalfCpltCallback            0x08002050   Section        0  stm32f4xx_hal_uart.o(i.HAL_UART_RxHalfCpltCallback)
    i.HAL_UART_Transmit                      0x08002054   Section        0  stm32f4xx_hal_uart.o(i.HAL_UART_Transmit)
    i.HAL_UART_TxCpltCallback                0x08002106   Section        0  stm32f4xx_hal_uart.o(i.HAL_UART_TxCpltCallback)
    i.HardFault_Handler                      0x08002108   Section        0  stm32f4xx_it.o(i.HardFault_Handler)
    i.MX_DMA_Init                            0x0800210c   Section        0  main.o(i.MX_DMA_Init)
    MX_DMA_Init                              0x0800210d   Thumb Code   152  main.o(i.MX_DMA_Init)
    i.MX_GPIO_Init                           0x080021a8   Section        0  main.o(i.MX_GPIO_Init)
    MX_GPIO_Init                             0x080021a9   Thumb Code   132  main.o(i.MX_GPIO_Init)
    i.MX_TIM2_Init                           0x08002234   Section        0  main.o(i.MX_TIM2_Init)
    MX_TIM2_Init                             0x08002235   Thumb Code    98  main.o(i.MX_TIM2_Init)
    i.MX_TIM3_Init                           0x080022a0   Section        0  main.o(i.MX_TIM3_Init)
    MX_TIM3_Init                             0x080022a1   Thumb Code    98  main.o(i.MX_TIM3_Init)
    i.MX_TIM4_Init                           0x0800230c   Section        0  main.o(i.MX_TIM4_Init)
    MX_TIM4_Init                             0x0800230d   Thumb Code    96  main.o(i.MX_TIM4_Init)
    i.MX_USART2_UART_Init                    0x08002374   Section        0  main.o(i.MX_USART2_UART_Init)
    MX_USART2_UART_Init                      0x08002375   Thumb Code    54  main.o(i.MX_USART2_UART_Init)
    i.MX_USART3_UART_Init                    0x080023b4   Section        0  main.o(i.MX_USART3_UART_Init)
    MX_USART3_UART_Init                      0x080023b5   Thumb Code    66  main.o(i.MX_USART3_UART_Init)
    i.MemManage_Handler                      0x08002404   Section        0  stm32f4xx_it.o(i.MemManage_Handler)
    i.MixColumns                             0x08002408   Section        0  encode_aes.o(i.MixColumns)
    i.NMI_Handler                            0x080025ec   Section        0  stm32f4xx_it.o(i.NMI_Handler)
    i.PendSV_Handler                         0x080025ee   Section        0  stm32f4xx_it.o(i.PendSV_Handler)
    i.SVC_Handler                            0x080025f0   Section        0  stm32f4xx_it.o(i.SVC_Handler)
    i.ShiftRows                              0x080025f2   Section        0  encode_aes.o(i.ShiftRows)
    i.SubBytes                               0x08002624   Section        0  encode_aes.o(i.SubBytes)
    i.SubWord                                0x0800272c   Section        0  encode_aes.o(i.SubWord)
    i.SysTick_Handler                        0x08002778   Section        0  stm32f4xx_it.o(i.SysTick_Handler)
    i.SystemClock_Config                     0x0800277c   Section        0  main.o(i.SystemClock_Config)
    i.SystemInit                             0x08002810   Section        0  system_stm32f4xx.o(i.SystemInit)
    i.TIM1_UP_TIM10_IRQHandler               0x08002820   Section        0  stm32f4xx_it.o(i.TIM1_UP_TIM10_IRQHandler)
    i.TIM2_IRQHandler                        0x0800282c   Section        0  stm32f4xx_it.o(i.TIM2_IRQHandler)
    i.TIM3_IRQHandler                        0x08002838   Section        0  stm32f4xx_it.o(i.TIM3_IRQHandler)
    i.TIM4_IRQHandler                        0x08002844   Section        0  stm32f4xx_it.o(i.TIM4_IRQHandler)
    i.TIM_Base_SetConfig                     0x08002850   Section        0  stm32f4xx_hal_tim.o(i.TIM_Base_SetConfig)
    i.TIM_ETR_SetConfig                      0x08002918   Section        0  stm32f4xx_hal_tim.o(i.TIM_ETR_SetConfig)
    i.TIM_ITRx_SetConfig                     0x0800292c   Section        0  stm32f4xx_hal_tim.o(i.TIM_ITRx_SetConfig)
    TIM_ITRx_SetConfig                       0x0800292d   Thumb Code    16  stm32f4xx_hal_tim.o(i.TIM_ITRx_SetConfig)
    i.TIM_TI1_ConfigInputStage               0x0800293c   Section        0  stm32f4xx_hal_tim.o(i.TIM_TI1_ConfigInputStage)
    TIM_TI1_ConfigInputStage                 0x0800293d   Thumb Code    34  stm32f4xx_hal_tim.o(i.TIM_TI1_ConfigInputStage)
    i.TIM_TI2_ConfigInputStage               0x0800295e   Section        0  stm32f4xx_hal_tim.o(i.TIM_TI2_ConfigInputStage)
    TIM_TI2_ConfigInputStage                 0x0800295f   Thumb Code    36  stm32f4xx_hal_tim.o(i.TIM_TI2_ConfigInputStage)
    i.UART4_IRQHandler                       0x08002984   Section        0  stm32f4xx_it.o(i.UART4_IRQHandler)
    i.UART5_IRQHandler                       0x08002990   Section        0  stm32f4xx_it.o(i.UART5_IRQHandler)
    i.UART_DMAAbortOnError                   0x0800299c   Section        0  stm32f4xx_hal_uart.o(i.UART_DMAAbortOnError)
    UART_DMAAbortOnError                     0x0800299d   Thumb Code    16  stm32f4xx_hal_uart.o(i.UART_DMAAbortOnError)
    i.UART_DMAError                          0x080029ac   Section        0  stm32f4xx_hal_uart.o(i.UART_DMAError)
    UART_DMAError                            0x080029ad   Thumb Code    74  stm32f4xx_hal_uart.o(i.UART_DMAError)
    i.UART_DMAReceiveCplt                    0x080029f6   Section        0  stm32f4xx_hal_uart.o(i.UART_DMAReceiveCplt)
    UART_DMAReceiveCplt                      0x080029f7   Thumb Code    90  stm32f4xx_hal_uart.o(i.UART_DMAReceiveCplt)
    i.UART_DMARxHalfCplt                     0x08002a50   Section        0  stm32f4xx_hal_uart.o(i.UART_DMARxHalfCplt)
    UART_DMARxHalfCplt                       0x08002a51   Thumb Code    26  stm32f4xx_hal_uart.o(i.UART_DMARxHalfCplt)
    i.UART_EndRxTransfer                     0x08002a6a   Section        0  stm32f4xx_hal_uart.o(i.UART_EndRxTransfer)
    UART_EndRxTransfer                       0x08002a6b   Thumb Code    48  stm32f4xx_hal_uart.o(i.UART_EndRxTransfer)
    i.UART_EndTxTransfer                     0x08002a9a   Section        0  stm32f4xx_hal_uart.o(i.UART_EndTxTransfer)
    UART_EndTxTransfer                       0x08002a9b   Thumb Code    18  stm32f4xx_hal_uart.o(i.UART_EndTxTransfer)
    i.UART_Receive_IT                        0x08002aac   Section        0  stm32f4xx_hal_uart.o(i.UART_Receive_IT)
    UART_Receive_IT                          0x08002aad   Thumb Code   174  stm32f4xx_hal_uart.o(i.UART_Receive_IT)
    i.UART_SetConfig                         0x08002b5c   Section        0  stm32f4xx_hal_uart.o(i.UART_SetConfig)
    UART_SetConfig                           0x08002b5d   Thumb Code   258  stm32f4xx_hal_uart.o(i.UART_SetConfig)
    i.UART_Start_Receive_DMA                 0x08002c68   Section        0  stm32f4xx_hal_uart.o(i.UART_Start_Receive_DMA)
    i.UART_WaitOnFlagUntilTimeout            0x08002cd8   Section        0  stm32f4xx_hal_uart.o(i.UART_WaitOnFlagUntilTimeout)
    UART_WaitOnFlagUntilTimeout              0x08002cd9   Thumb Code   100  stm32f4xx_hal_uart.o(i.UART_WaitOnFlagUntilTimeout)
    i.USART2_IRQHandler                      0x08002d3c   Section        0  stm32f4xx_it.o(i.USART2_IRQHandler)
    i.USART3_IRQHandler                      0x08002f0c   Section        0  stm32f4xx_it.o(i.USART3_IRQHandler)
    i.UsageFault_Handler                     0x08002f80   Section        0  stm32f4xx_it.o(i.UsageFault_Handler)
    i.XHMY                                   0x08002f84   Section        0  main.o(i.XHMY)
    i.__0printf$1                            0x08002fd0   Section        0  printf1.o(i.__0printf$1)
    i.__NVIC_SetPriority                     0x08002ff0   Section        0  stm32f4xx_hal_cortex.o(i.__NVIC_SetPriority)
    __NVIC_SetPriority                       0x08002ff1   Thumb Code    32  stm32f4xx_hal_cortex.o(i.__NVIC_SetPriority)
    i.__scatterload_copy                     0x08003010   Section       14  handlers.o(i.__scatterload_copy)
    i.__scatterload_null                     0x0800301e   Section        2  handlers.o(i.__scatterload_null)
    i.__scatterload_zeroinit                 0x08003020   Section       14  handlers.o(i.__scatterload_zeroinit)
    i._printf_core                           0x08003030   Section        0  printf1.o(i._printf_core)
    _printf_core                             0x08003031   Thumb Code   336  printf1.o(i._printf_core)
    i.aes_decrypt_ctr                        0x08003184   Section        0  encode_aes.o(i.aes_decrypt_ctr)
    i.aes_encrypt                            0x08003194   Section        0  encode_aes.o(i.aes_encrypt)
    i.aes_encrypt_ctr                        0x08003404   Section        0  encode_aes.o(i.aes_encrypt_ctr)
    i.aes_key_setup                          0x08003478   Section        0  encode_aes.o(i.aes_key_setup)
    i.fputc                                  0x0800352c   Section        0  main.o(i.fputc)
    i.increment_iv                           0x08003548   Section        0  encode_aes.o(i.increment_iv)
    i.main                                   0x08003568   Section        0  main.o(i.main)
    i.main_Decode                            0x08003710   Section        0  main_decode.o(i.main_Decode)
    i.main_Encode                            0x08003d14   Section        0  main_encode.o(i.main_Encode)
    i.mavlink_sha256_calc                    0x080049b4   Section        0  sysu_sha256.o(i.mavlink_sha256_calc)
    mavlink_sha256_calc                      0x080049b5   Thumb Code   286  sysu_sha256.o(i.mavlink_sha256_calc)
    i.mavlink_sha256_final_48                0x08004ad8   Section        0  sysu_sha256.o(i.mavlink_sha256_final_48)
    i.mavlink_sha256_init                    0x08004b64   Section        0  sysu_sha256.o(i.mavlink_sha256_init)
    i.mavlink_sha256_update                  0x08004bac   Section        0  sysu_sha256.o(i.mavlink_sha256_update)
    i.sign_Decode                            0x08004c2c   Section        0  main_decode.o(i.sign_Decode)
    i.sign_Encode                            0x08004ca0   Section        0  main_encode.o(i.sign_Encode)
    i.xor_buf                                0x08004d14   Section        0  encode_aes.o(i.xor_buf)
    .constdata                               0x08004d2a   Section       33  main.o(.constdata)
    Atack_BUFF                               0x08004d2a   Data          33  main.o(.constdata)
    .constdata                               0x08004d4b   Section        8  stm32f4xx_hal_dma.o(.constdata)
    flagBitshiftOffset                       0x08004d4b   Data           8  stm32f4xx_hal_dma.o(.constdata)
    .constdata                               0x08004d53   Section       16  system_stm32f4xx.o(.constdata)
    .constdata                               0x08004d63   Section        8  system_stm32f4xx.o(.constdata)
    .constdata                               0x08004d6c   Section     2108  encode_aes.o(.constdata)
    aes_sbox                                 0x08004d6c   Data         256  encode_aes.o(.constdata)
    aes_invsbox                              0x08004e6c   Data         256  encode_aes.o(.constdata)
    gf_mul                                   0x08004f6c   Data        1536  encode_aes.o(.constdata)
    .constdata                               0x080055a8   Section      352  main_decode.o(.constdata)
    secret_key_decode                        0x080055a8   Data          32  main_decode.o(.constdata)
    secret_key1_decode                       0x080055c8   Data          32  main_decode.o(.constdata)
    secret_key2_decode                       0x080055e8   Data          32  main_decode.o(.constdata)
    secret_key3_decode                       0x08005608   Data          32  main_decode.o(.constdata)
    secret_key4_decode                       0x08005628   Data          32  main_decode.o(.constdata)
    secret_key5_decode                       0x08005648   Data          32  main_decode.o(.constdata)
    secret_key6_decode                       0x08005668   Data          32  main_decode.o(.constdata)
    secret_key7_decode                       0x08005688   Data          32  main_decode.o(.constdata)
    secret_key8_decode                       0x080056a8   Data          32  main_decode.o(.constdata)
    secret_key9_decode                       0x080056c8   Data          32  main_decode.o(.constdata)
    secret_key10_decode                      0x080056e8   Data          32  main_decode.o(.constdata)
    .constdata                               0x08005708   Section      352  main_encode.o(.constdata)
    secret_key_encode                        0x08005708   Data          32  main_encode.o(.constdata)
    secret_key1_encode                       0x08005728   Data          32  main_encode.o(.constdata)
    secret_key2_encode                       0x08005748   Data          32  main_encode.o(.constdata)
    secret_key3_encode                       0x08005768   Data          32  main_encode.o(.constdata)
    secret_key4_encode                       0x08005788   Data          32  main_encode.o(.constdata)
    secret_key5_encode                       0x080057a8   Data          32  main_encode.o(.constdata)
    secret_key6_encode                       0x080057c8   Data          32  main_encode.o(.constdata)
    secret_key7_encode                       0x080057e8   Data          32  main_encode.o(.constdata)
    secret_key8_encode                       0x08005808   Data          32  main_encode.o(.constdata)
    secret_key9_encode                       0x08005828   Data          32  main_encode.o(.constdata)
    secret_key10_encode                      0x08005848   Data          32  main_encode.o(.constdata)
    .constdata                               0x08005868   Section      256  sysu_sha256.o(.constdata)
    mavlink_sha256_constant_256              0x08005868   Data         256  sysu_sha256.o(.constdata)
    .data                                    0x20000000   Section       40  main.o(.data)
    .data                                    0x20000028   Section        1  main.o(.data)
    .data                                    0x20000029   Section        1  main.o(.data)
    .data                                    0x2000002a   Section        1  main.o(.data)
    .data                                    0x2000002c   Section       12  stm32f4xx_hal.o(.data)
    .data                                    0x20000038   Section        4  system_stm32f4xx.o(.data)
    .data                                    0x20000040   Section      448  main_decode.o(.data)
    .data                                    0x20000200   Section      368  main_encode.o(.data)
    .data                                    0x20000370   Section        4  stdout.o(.data)
    .bss                                     0x20000374   Section     1738  main.o(.bss)
    .bss                                     0x20000a40   Section       96  main.o(.bss)
    .bss                                     0x20000aa0   Section       96  main.o(.bss)
    .bss                                     0x20000b00   Section       96  main.o(.bss)
    .bss                                     0x20000b60   Section       96  main.o(.bss)
    .bss                                     0x20000bc0   Section       96  main.o(.bss)
    .bss                                     0x20000c20   Section       96  main.o(.bss)
    .bss                                     0x20000c80   Section       96  main.o(.bss)
    .bss                                     0x20000ce0   Section       96  main.o(.bss)
    .bss                                     0x20000d40   Section      250  main.o(.bss)
    .bss                                     0x20000e3c   Section       72  stm32f4xx_hal_timebase_tim.o(.bss)
    .bss                                     0x20000e84   Section       32  stm32f4xx_hal_flash.o(.bss)
    .bss                                     0x20000ea8   Section      316  main_decode.o(.bss)
    .bss                                     0x20000fe8   Section      316  main_encode.o(.bss)
    STACK                                    0x20001128   Section     1024  startup_stm32f415xx.o(STACK)

    Global Symbols

    Symbol Name                              Value     Ov Type        Size  Object(Section)

    BuildAttributes$$THM_ISAv4$E$P$D$K$B$S$7EM$VFPi3$EXTD16$VFPS$VFMA$PE$A:L22UL41UL21$X:L11$S22US41US21$IEEE1$IW$USESV6$~STKCKD$USESV7$~SHL$OSPACE$ROPI$EBA8$MICROLIB$REQ8$PRES8$EABIv2 0x00000000   Number         0  anon$$obj.o ABSOLUTE
    __ARM_use_no_argv                        0x00000000   Number         0  main.o ABSOLUTE
    _printf_a                                0x00000000   Number         0  stubs.o ABSOLUTE
    _printf_c                                0x00000000   Number         0  stubs.o ABSOLUTE
    _printf_charcount                        0x00000000   Number         0  stubs.o ABSOLUTE
    _printf_d                                0x00000000   Number         0  stubs.o ABSOLUTE
    _printf_e                                0x00000000   Number         0  stubs.o ABSOLUTE
    _printf_f                                0x00000000   Number         0  stubs.o ABSOLUTE
    _printf_flags                            0x00000000   Number         0  stubs.o ABSOLUTE
    _printf_fp_dec                           0x00000000   Number         0  stubs.o ABSOLUTE
    _printf_fp_hex                           0x00000000   Number         0  stubs.o ABSOLUTE
    _printf_g                                0x00000000   Number         0  stubs.o ABSOLUTE
    _printf_i                                0x00000000   Number         0  stubs.o ABSOLUTE
    _printf_int_dec                          0x00000000   Number         0  stubs.o ABSOLUTE
    _printf_l                                0x00000000   Number         0  stubs.o ABSOLUTE
    _printf_lc                               0x00000000   Number         0  stubs.o ABSOLUTE
    _printf_ll                               0x00000000   Number         0  stubs.o ABSOLUTE
    _printf_lld                              0x00000000   Number         0  stubs.o ABSOLUTE
    _printf_lli                              0x00000000   Number         0  stubs.o ABSOLUTE
    _printf_llo                              0x00000000   Number         0  stubs.o ABSOLUTE
    _printf_llu                              0x00000000   Number         0  stubs.o ABSOLUTE
    _printf_llx                              0x00000000   Number         0  stubs.o ABSOLUTE
    _printf_longlong_dec                     0x00000000   Number         0  stubs.o ABSOLUTE
    _printf_longlong_hex                     0x00000000   Number         0  stubs.o ABSOLUTE
    _printf_longlong_oct                     0x00000000   Number         0  stubs.o ABSOLUTE
    _printf_ls                               0x00000000   Number         0  stubs.o ABSOLUTE
    _printf_mbtowc                           0x00000000   Number         0  stubs.o ABSOLUTE
    _printf_n                                0x00000000   Number         0  stubs.o ABSOLUTE
    _printf_o                                0x00000000   Number         0  stubs.o ABSOLUTE
    _printf_p                                0x00000000   Number         0  stubs.o ABSOLUTE
    _printf_percent                          0x00000000   Number         0  stubs.o ABSOLUTE
    _printf_pre_padding                      0x00000000   Number         0  stubs.o ABSOLUTE
    _printf_return_value                     0x00000000   Number         0  stubs.o ABSOLUTE
    _printf_s                                0x00000000   Number         0  stubs.o ABSOLUTE
    _printf_sizespec                         0x00000000   Number         0  stubs.o ABSOLUTE
    _printf_str                              0x00000000   Number         0  stubs.o ABSOLUTE
    _printf_truncate_signed                  0x00000000   Number         0  stubs.o ABSOLUTE
    _printf_truncate_unsigned                0x00000000   Number         0  stubs.o ABSOLUTE
    _printf_u                                0x00000000   Number         0  stubs.o ABSOLUTE
    _printf_wc                               0x00000000   Number         0  stubs.o ABSOLUTE
    _printf_wctomb                           0x00000000   Number         0  stubs.o ABSOLUTE
    _printf_widthprec                        0x00000000   Number         0  stubs.o ABSOLUTE
    _printf_x                                0x00000000   Number         0  stubs.o ABSOLUTE
    __cpp_initialize__aeabi_                  - Undefined Weak Reference
    __cxa_finalize                            - Undefined Weak Reference
    _clock_init                               - Undefined Weak Reference
    _microlib_exit                            - Undefined Weak Reference
    __Vectors_Size                           0x00000188   Number         0  startup_stm32f415xx.o ABSOLUTE
    __Vectors                                0x08000000   Data           4  startup_stm32f415xx.o(RESET)
    __Vectors_End                            0x08000188   Data           0  startup_stm32f415xx.o(RESET)
    __main                                   0x08000189   Thumb Code     0  entry.o(.ARM.Collect$$$$00000000)
    _main_stk                                0x08000189   Thumb Code     0  entry2.o(.ARM.Collect$$$$00000001)
    _main_scatterload                        0x0800018d   Thumb Code     0  entry5.o(.ARM.Collect$$$$00000004)
    __main_after_scatterload                 0x08000191   Thumb Code     0  entry5.o(.ARM.Collect$$$$00000004)
    _main_clock                              0x08000191   Thumb Code     0  entry7b.o(.ARM.Collect$$$$00000008)
    _main_cpp_init                           0x08000191   Thumb Code     0  entry8b.o(.ARM.Collect$$$$0000000A)
    _main_init                               0x08000191   Thumb Code     0  entry9a.o(.ARM.Collect$$$$0000000B)
    __rt_final_cpp                           0x08000199   Thumb Code     0  entry10a.o(.ARM.Collect$$$$0000000D)
    __rt_final_exit                          0x08000199   Thumb Code     0  entry11a.o(.ARM.Collect$$$$0000000F)
    Reset_Handler                            0x0800019d   Thumb Code     8  startup_stm32f415xx.o(.text)
    ADC_IRQHandler                           0x080001b7   Thumb Code     0  startup_stm32f415xx.o(.text)
    CAN1_RX0_IRQHandler                      0x080001b7   Thumb Code     0  startup_stm32f415xx.o(.text)
    CAN1_RX1_IRQHandler                      0x080001b7   Thumb Code     0  startup_stm32f415xx.o(.text)
    CAN1_SCE_IRQHandler                      0x080001b7   Thumb Code     0  startup_stm32f415xx.o(.text)
    CAN1_TX_IRQHandler                       0x080001b7   Thumb Code     0  startup_stm32f415xx.o(.text)
    CAN2_RX0_IRQHandler                      0x080001b7   Thumb Code     0  startup_stm32f415xx.o(.text)
    CAN2_RX1_IRQHandler                      0x080001b7   Thumb Code     0  startup_stm32f415xx.o(.text)
    CAN2_SCE_IRQHandler                      0x080001b7   Thumb Code     0  startup_stm32f415xx.o(.text)
    CAN2_TX_IRQHandler                       0x080001b7   Thumb Code     0  startup_stm32f415xx.o(.text)
    CRYP_IRQHandler                          0x080001b7   Thumb Code     0  startup_stm32f415xx.o(.text)
    DMA2_Stream0_IRQHandler                  0x080001b7   Thumb Code     0  startup_stm32f415xx.o(.text)
    DMA2_Stream1_IRQHandler                  0x080001b7   Thumb Code     0  startup_stm32f415xx.o(.text)
    DMA2_Stream2_IRQHandler                  0x080001b7   Thumb Code     0  startup_stm32f415xx.o(.text)
    DMA2_Stream3_IRQHandler                  0x080001b7   Thumb Code     0  startup_stm32f415xx.o(.text)
    DMA2_Stream4_IRQHandler                  0x080001b7   Thumb Code     0  startup_stm32f415xx.o(.text)
    DMA2_Stream5_IRQHandler                  0x080001b7   Thumb Code     0  startup_stm32f415xx.o(.text)
    DMA2_Stream6_IRQHandler                  0x080001b7   Thumb Code     0  startup_stm32f415xx.o(.text)
    DMA2_Stream7_IRQHandler                  0x080001b7   Thumb Code     0  startup_stm32f415xx.o(.text)
    EXTI0_IRQHandler                         0x080001b7   Thumb Code     0  startup_stm32f415xx.o(.text)
    EXTI15_10_IRQHandler                     0x080001b7   Thumb Code     0  startup_stm32f415xx.o(.text)
    EXTI1_IRQHandler                         0x080001b7   Thumb Code     0  startup_stm32f415xx.o(.text)
    EXTI2_IRQHandler                         0x080001b7   Thumb Code     0  startup_stm32f415xx.o(.text)
    EXTI3_IRQHandler                         0x080001b7   Thumb Code     0  startup_stm32f415xx.o(.text)
    EXTI4_IRQHandler                         0x080001b7   Thumb Code     0  startup_stm32f415xx.o(.text)
    EXTI9_5_IRQHandler                       0x080001b7   Thumb Code     0  startup_stm32f415xx.o(.text)
    FLASH_IRQHandler                         0x080001b7   Thumb Code     0  startup_stm32f415xx.o(.text)
    FMC_IRQHandler                           0x080001b7   Thumb Code     0  startup_stm32f415xx.o(.text)
    FPU_IRQHandler                           0x080001b7   Thumb Code     0  startup_stm32f415xx.o(.text)
    HASH_RNG_IRQHandler                      0x080001b7   Thumb Code     0  startup_stm32f415xx.o(.text)
    I2C1_ER_IRQHandler                       0x080001b7   Thumb Code     0  startup_stm32f415xx.o(.text)
    I2C1_EV_IRQHandler                       0x080001b7   Thumb Code     0  startup_stm32f415xx.o(.text)
    I2C2_ER_IRQHandler                       0x080001b7   Thumb Code     0  startup_stm32f415xx.o(.text)
    I2C2_EV_IRQHandler                       0x080001b7   Thumb Code     0  startup_stm32f415xx.o(.text)
    I2C3_ER_IRQHandler                       0x080001b7   Thumb Code     0  startup_stm32f415xx.o(.text)
    I2C3_EV_IRQHandler                       0x080001b7   Thumb Code     0  startup_stm32f415xx.o(.text)
    OTG_FS_IRQHandler                        0x080001b7   Thumb Code     0  startup_stm32f415xx.o(.text)
    OTG_FS_WKUP_IRQHandler                   0x080001b7   Thumb Code     0  startup_stm32f415xx.o(.text)
    OTG_HS_EP1_IN_IRQHandler                 0x080001b7   Thumb Code     0  startup_stm32f415xx.o(.text)
    OTG_HS_EP1_OUT_IRQHandler                0x080001b7   Thumb Code     0  startup_stm32f415xx.o(.text)
    OTG_HS_IRQHandler                        0x080001b7   Thumb Code     0  startup_stm32f415xx.o(.text)
    OTG_HS_WKUP_IRQHandler                   0x080001b7   Thumb Code     0  startup_stm32f415xx.o(.text)
    PVD_IRQHandler                           0x080001b7   Thumb Code     0  startup_stm32f415xx.o(.text)
    RCC_IRQHandler                           0x080001b7   Thumb Code     0  startup_stm32f415xx.o(.text)
    RTC_Alarm_IRQHandler                     0x080001b7   Thumb Code     0  startup_stm32f415xx.o(.text)
    RTC_WKUP_IRQHandler                      0x080001b7   Thumb Code     0  startup_stm32f415xx.o(.text)
    SDIO_IRQHandler                          0x080001b7   Thumb Code     0  startup_stm32f415xx.o(.text)
    SPI1_IRQHandler                          0x080001b7   Thumb Code     0  startup_stm32f415xx.o(.text)
    SPI2_IRQHandler                          0x080001b7   Thumb Code     0  startup_stm32f415xx.o(.text)
    SPI3_IRQHandler                          0x080001b7   Thumb Code     0  startup_stm32f415xx.o(.text)
    TAMP_STAMP_IRQHandler                    0x080001b7   Thumb Code     0  startup_stm32f415xx.o(.text)
    TIM1_BRK_TIM9_IRQHandler                 0x080001b7   Thumb Code     0  startup_stm32f415xx.o(.text)
    TIM1_CC_IRQHandler                       0x080001b7   Thumb Code     0  startup_stm32f415xx.o(.text)
    TIM1_TRG_COM_TIM11_IRQHandler            0x080001b7   Thumb Code     0  startup_stm32f415xx.o(.text)
    TIM5_IRQHandler                          0x080001b7   Thumb Code     0  startup_stm32f415xx.o(.text)
    TIM6_DAC_IRQHandler                      0x080001b7   Thumb Code     0  startup_stm32f415xx.o(.text)
    TIM7_IRQHandler                          0x080001b7   Thumb Code     0  startup_stm32f415xx.o(.text)
    TIM8_BRK_TIM12_IRQHandler                0x080001b7   Thumb Code     0  startup_stm32f415xx.o(.text)
    TIM8_CC_IRQHandler                       0x080001b7   Thumb Code     0  startup_stm32f415xx.o(.text)
    TIM8_TRG_COM_TIM14_IRQHandler            0x080001b7   Thumb Code     0  startup_stm32f415xx.o(.text)
    TIM8_UP_TIM13_IRQHandler                 0x080001b7   Thumb Code     0  startup_stm32f415xx.o(.text)
    USART1_IRQHandler                        0x080001b7   Thumb Code     0  startup_stm32f415xx.o(.text)
    USART6_IRQHandler                        0x080001b7   Thumb Code     0  startup_stm32f415xx.o(.text)
    WWDG_IRQHandler                          0x080001b7   Thumb Code     0  startup_stm32f415xx.o(.text)
    __aeabi_uldivmod                         0x080001c1   Thumb Code    98  uldiv.o(.text)
    __aeabi_memcpy                           0x08000223   Thumb Code    36  memcpya.o(.text)
    __aeabi_memcpy4                          0x08000223   Thumb Code     0  memcpya.o(.text)
    __aeabi_memcpy8                          0x08000223   Thumb Code     0  memcpya.o(.text)
    __aeabi_memset                           0x08000247   Thumb Code    14  memseta.o(.text)
    __aeabi_memset4                          0x08000247   Thumb Code     0  memseta.o(.text)
    __aeabi_memset8                          0x08000247   Thumb Code     0  memseta.o(.text)
    __aeabi_memclr                           0x08000255   Thumb Code     4  memseta.o(.text)
    __aeabi_memclr4                          0x08000255   Thumb Code     0  memseta.o(.text)
    __aeabi_memclr8                          0x08000255   Thumb Code     0  memseta.o(.text)
    _memset$wrapper                          0x08000259   Thumb Code    18  memseta.o(.text)
    memcmp                                   0x0800026b   Thumb Code    26  memcmp.o(.text)
    __aeabi_uidiv                            0x08000285   Thumb Code     0  uidiv.o(.text)
    __aeabi_uidivmod                         0x08000285   Thumb Code    44  uidiv.o(.text)
    __aeabi_llsl                             0x080002b1   Thumb Code    30  llshl.o(.text)
    _ll_shift_l                              0x080002b1   Thumb Code     0  llshl.o(.text)
    __aeabi_llsr                             0x080002cf   Thumb Code    32  llushr.o(.text)
    _ll_ushift_r                             0x080002cf   Thumb Code     0  llushr.o(.text)
    __scatterload                            0x080002f1   Thumb Code    28  init.o(.text)
    __scatterload_rt2                        0x080002f1   Thumb Code     0  init.o(.text)
    __decompress                             0x08000315   Thumb Code     0  __dclz77c.o(.text)
    __decompress2                            0x08000315   Thumb Code    94  __dclz77c.o(.text)
    AddRoundKey                              0x08000373   Thumb Code   132  encode_aes.o(i.AddRoundKey)
    BusFault_Handler                         0x080003f7   Thumb Code     2  stm32f4xx_it.o(i.BusFault_Handler)
    DMA1_Stream0_IRQHandler                  0x080003f9   Thumb Code     6  stm32f4xx_it.o(i.DMA1_Stream0_IRQHandler)
    DMA1_Stream1_IRQHandler                  0x08000405   Thumb Code     6  stm32f4xx_it.o(i.DMA1_Stream1_IRQHandler)
    DMA1_Stream2_IRQHandler                  0x08000411   Thumb Code     6  stm32f4xx_it.o(i.DMA1_Stream2_IRQHandler)
    DMA1_Stream3_IRQHandler                  0x0800041d   Thumb Code     6  stm32f4xx_it.o(i.DMA1_Stream3_IRQHandler)
    DMA1_Stream4_IRQHandler                  0x08000429   Thumb Code     6  stm32f4xx_it.o(i.DMA1_Stream4_IRQHandler)
    DMA1_Stream5_IRQHandler                  0x08000435   Thumb Code     6  stm32f4xx_it.o(i.DMA1_Stream5_IRQHandler)
    DMA1_Stream6_IRQHandler                  0x08000441   Thumb Code     6  stm32f4xx_it.o(i.DMA1_Stream6_IRQHandler)
    DMA1_Stream7_IRQHandler                  0x0800044d   Thumb Code     6  stm32f4xx_it.o(i.DMA1_Stream7_IRQHandler)
    DebugMon_Handler                         0x080004fd   Thumb Code     2  stm32f4xx_it.o(i.DebugMon_Handler)
    Error_Handler                            0x080004ff   Thumb Code     4  main.o(i.Error_Handler)
    FLASH_Erase_Sector                       0x08000505   Thumb Code    74  stm32f4xx_hal_flash_ex.o(i.FLASH_Erase_Sector)
    FLASH_FlushCaches                        0x08000555   Thumb Code    80  stm32f4xx_hal_flash_ex.o(i.FLASH_FlushCaches)
    FLASH_WaitForLastOperation               0x08000639   Thumb Code    72  stm32f4xx_hal_flash.o(i.FLASH_WaitForLastOperation)
    HAL_DMA_Abort                            0x08000689   Thumb Code   142  stm32f4xx_hal_dma.o(i.HAL_DMA_Abort)
    HAL_DMA_Abort_IT                         0x08000717   Thumb Code    36  stm32f4xx_hal_dma.o(i.HAL_DMA_Abort_IT)
    HAL_DMA_IRQHandler                       0x0800073d   Thumb Code   412  stm32f4xx_hal_dma.o(i.HAL_DMA_IRQHandler)
    HAL_DMA_Init                             0x080008dd   Thumb Code   206  stm32f4xx_hal_dma.o(i.HAL_DMA_Init)
    HAL_DMA_Start_IT                         0x080009b1   Thumb Code   110  stm32f4xx_hal_dma.o(i.HAL_DMA_Start_IT)
    HAL_FLASHEx_Erase                        0x08000a21   Thumb Code   144  stm32f4xx_hal_flash_ex.o(i.HAL_FLASHEx_Erase)
    HAL_FLASH_Lock                           0x08000ab9   Thumb Code    14  stm32f4xx_hal_flash.o(i.HAL_FLASH_Lock)
    HAL_FLASH_Unlock                         0x08000acd   Thumb Code    32  stm32f4xx_hal_flash.o(i.HAL_FLASH_Unlock)
    HAL_GPIO_Init                            0x08000af9   Thumb Code   448  stm32f4xx_hal_gpio.o(i.HAL_GPIO_Init)
    HAL_GPIO_WritePin                        0x08000ce5   Thumb Code    10  stm32f4xx_hal_gpio.o(i.HAL_GPIO_WritePin)
    HAL_GetTick                              0x08000cf1   Thumb Code     6  stm32f4xx_hal.o(i.HAL_GetTick)
    HAL_IncTick                              0x08000cfd   Thumb Code    12  stm32f4xx_hal.o(i.HAL_IncTick)
    HAL_Init                                 0x08000d0d   Thumb Code    48  stm32f4xx_hal.o(i.HAL_Init)
    HAL_InitTick                             0x08000d41   Thumb Code   100  stm32f4xx_hal_timebase_tim.o(i.HAL_InitTick)
    HAL_MspInit                              0x08000db5   Thumb Code    42  stm32f4xx_hal_msp.o(i.HAL_MspInit)
    HAL_NVIC_EnableIRQ                       0x08000de5   Thumb Code    26  stm32f4xx_hal_cortex.o(i.HAL_NVIC_EnableIRQ)
    HAL_NVIC_SetPriority                     0x08000e01   Thumb Code    60  stm32f4xx_hal_cortex.o(i.HAL_NVIC_SetPriority)
    HAL_NVIC_SetPriorityGrouping             0x08000e41   Thumb Code    26  stm32f4xx_hal_cortex.o(i.HAL_NVIC_SetPriorityGrouping)
    HAL_RCC_ClockConfig                      0x08000e65   Thumb Code   288  stm32f4xx_hal_rcc.o(i.HAL_RCC_ClockConfig)
    HAL_RCC_GetClockConfig                   0x08000f99   Thumb Code    54  stm32f4xx_hal_rcc.o(i.HAL_RCC_GetClockConfig)
    HAL_RCC_GetPCLK1Freq                     0x08000fd9   Thumb Code    20  stm32f4xx_hal_rcc.o(i.HAL_RCC_GetPCLK1Freq)
    HAL_RCC_GetPCLK2Freq                     0x08000ff9   Thumb Code    20  stm32f4xx_hal_rcc.o(i.HAL_RCC_GetPCLK2Freq)
    HAL_RCC_GetSysClockFreq                  0x08001019   Thumb Code    88  stm32f4xx_hal_rcc.o(i.HAL_RCC_GetSysClockFreq)
    HAL_RCC_OscConfig                        0x0800107d   Thumb Code   856  stm32f4xx_hal_rcc.o(i.HAL_RCC_OscConfig)
    HAL_TIMEx_BreakCallback                  0x080013e9   Thumb Code     2  stm32f4xx_hal_tim_ex.o(i.HAL_TIMEx_BreakCallback)
    HAL_TIMEx_CommutCallback                 0x080013eb   Thumb Code     2  stm32f4xx_hal_tim_ex.o(i.HAL_TIMEx_CommutCallback)
    HAL_TIMEx_MasterConfigSynchronization    0x080013ed   Thumb Code   116  stm32f4xx_hal_tim_ex.o(i.HAL_TIMEx_MasterConfigSynchronization)
    HAL_TIM_Base_Init                        0x0800147d   Thumb Code    90  stm32f4xx_hal_tim.o(i.HAL_TIM_Base_Init)
    HAL_TIM_Base_MspInit                     0x080014d9   Thumb Code   122  stm32f4xx_hal_msp.o(i.HAL_TIM_Base_MspInit)
    HAL_TIM_Base_Start_IT                    0x08001561   Thumb Code   100  stm32f4xx_hal_tim.o(i.HAL_TIM_Base_Start_IT)
    HAL_TIM_ConfigClockSource                0x080015e1   Thumb Code   214  stm32f4xx_hal_tim.o(i.HAL_TIM_ConfigClockSource)
    HAL_TIM_IC_CaptureCallback               0x080016b7   Thumb Code     2  stm32f4xx_hal_tim.o(i.HAL_TIM_IC_CaptureCallback)
    HAL_TIM_IRQHandler                       0x080016b9   Thumb Code   358  stm32f4xx_hal_tim.o(i.HAL_TIM_IRQHandler)
    HAL_TIM_OC_DelayElapsedCallback          0x0800181f   Thumb Code     2  stm32f4xx_hal_tim.o(i.HAL_TIM_OC_DelayElapsedCallback)
    HAL_TIM_PWM_PulseFinishedCallback        0x08001821   Thumb Code     2  stm32f4xx_hal_tim.o(i.HAL_TIM_PWM_PulseFinishedCallback)
    HAL_TIM_PeriodElapsedCallback            0x08001825   Thumb Code   308  main.o(i.HAL_TIM_PeriodElapsedCallback)
    HAL_TIM_TriggerCallback                  0x08001a01   Thumb Code     2  stm32f4xx_hal_tim.o(i.HAL_TIM_TriggerCallback)
    HAL_UARTEx_RxEventCallback               0x08001a03   Thumb Code     2  stm32f4xx_hal_uart.o(i.HAL_UARTEx_RxEventCallback)
    HAL_UART_DMAStop                         0x08001a05   Thumb Code    88  stm32f4xx_hal_uart.o(i.HAL_UART_DMAStop)
    HAL_UART_ErrorCallback                   0x08001a5d   Thumb Code     2  stm32f4xx_hal_uart.o(i.HAL_UART_ErrorCallback)
    HAL_UART_IRQHandler                      0x08001a61   Thumb Code   522  stm32f4xx_hal_uart.o(i.HAL_UART_IRQHandler)
    HAL_UART_Init                            0x08001c71   Thumb Code    98  stm32f4xx_hal_uart.o(i.HAL_UART_Init)
    HAL_UART_MspInit                         0x08001cd5   Thumb Code   776  stm32f4xx_hal_msp.o(i.HAL_UART_MspInit)
    HAL_UART_Receive_DMA                     0x08002025   Thumb Code    42  stm32f4xx_hal_uart.o(i.HAL_UART_Receive_DMA)
    HAL_UART_RxCpltCallback                  0x0800204f   Thumb Code     2  stm32f4xx_hal_uart.o(i.HAL_UART_RxCpltCallback)
    HAL_UART_RxHalfCpltCallback              0x08002051   Thumb Code     2  stm32f4xx_hal_uart.o(i.HAL_UART_RxHalfCpltCallback)
    HAL_UART_Transmit                        0x08002055   Thumb Code   178  stm32f4xx_hal_uart.o(i.HAL_UART_Transmit)
    HAL_UART_TxCpltCallback                  0x08002107   Thumb Code     2  stm32f4xx_hal_uart.o(i.HAL_UART_TxCpltCallback)
    HardFault_Handler                        0x08002109   Thumb Code     2  stm32f4xx_it.o(i.HardFault_Handler)
    MemManage_Handler                        0x08002405   Thumb Code     2  stm32f4xx_it.o(i.MemManage_Handler)
    MixColumns                               0x08002409   Thumb Code   478  encode_aes.o(i.MixColumns)
    NMI_Handler                              0x080025ed   Thumb Code     2  stm32f4xx_it.o(i.NMI_Handler)
    PendSV_Handler                           0x080025ef   Thumb Code     2  stm32f4xx_it.o(i.PendSV_Handler)
    SVC_Handler                              0x080025f1   Thumb Code     2  stm32f4xx_it.o(i.SVC_Handler)
    ShiftRows                                0x080025f3   Thumb Code    50  encode_aes.o(i.ShiftRows)
    SubBytes                                 0x08002625   Thumb Code   260  encode_aes.o(i.SubBytes)
    SubWord                                  0x0800272d   Thumb Code    72  encode_aes.o(i.SubWord)
    SysTick_Handler                          0x08002779   Thumb Code     2  stm32f4xx_it.o(i.SysTick_Handler)
    SystemClock_Config                       0x0800277d   Thumb Code   140  main.o(i.SystemClock_Config)
    SystemInit                               0x08002811   Thumb Code    12  system_stm32f4xx.o(i.SystemInit)
    TIM1_UP_TIM10_IRQHandler                 0x08002821   Thumb Code     6  stm32f4xx_it.o(i.TIM1_UP_TIM10_IRQHandler)
    TIM2_IRQHandler                          0x0800282d   Thumb Code     6  stm32f4xx_it.o(i.TIM2_IRQHandler)
    TIM3_IRQHandler                          0x08002839   Thumb Code     6  stm32f4xx_it.o(i.TIM3_IRQHandler)
    TIM4_IRQHandler                          0x08002845   Thumb Code     6  stm32f4xx_it.o(i.TIM4_IRQHandler)
    TIM_Base_SetConfig                       0x08002851   Thumb Code   156  stm32f4xx_hal_tim.o(i.TIM_Base_SetConfig)
    TIM_ETR_SetConfig                        0x08002919   Thumb Code    20  stm32f4xx_hal_tim.o(i.TIM_ETR_SetConfig)
    UART4_IRQHandler                         0x08002985   Thumb Code     6  stm32f4xx_it.o(i.UART4_IRQHandler)
    UART5_IRQHandler                         0x08002991   Thumb Code     6  stm32f4xx_it.o(i.UART5_IRQHandler)
    UART_Start_Receive_DMA                   0x08002c69   Thumb Code    98  stm32f4xx_hal_uart.o(i.UART_Start_Receive_DMA)
    USART2_IRQHandler                        0x08002d3d   Thumb Code   366  stm32f4xx_it.o(i.USART2_IRQHandler)
    USART3_IRQHandler                        0x08002f0d   Thumb Code    94  stm32f4xx_it.o(i.USART3_IRQHandler)
    UsageFault_Handler                       0x08002f81   Thumb Code     2  stm32f4xx_it.o(i.UsageFault_Handler)
    XHMY                                     0x08002f85   Thumb Code    50  main.o(i.XHMY)
    __0printf$1                              0x08002fd1   Thumb Code    22  printf1.o(i.__0printf$1)
    __1printf$1                              0x08002fd1   Thumb Code     0  printf1.o(i.__0printf$1)
    __2printf                                0x08002fd1   Thumb Code     0  printf1.o(i.__0printf$1)
    __scatterload_copy                       0x08003011   Thumb Code    14  handlers.o(i.__scatterload_copy)
    __scatterload_null                       0x0800301f   Thumb Code     2  handlers.o(i.__scatterload_null)
    __scatterload_zeroinit                   0x08003021   Thumb Code    14  handlers.o(i.__scatterload_zeroinit)
    aes_decrypt_ctr                          0x08003185   Thumb Code    16  encode_aes.o(i.aes_decrypt_ctr)
    aes_encrypt                              0x08003195   Thumb Code   624  encode_aes.o(i.aes_encrypt)
    aes_encrypt_ctr                          0x08003405   Thumb Code   116  encode_aes.o(i.aes_encrypt_ctr)
    aes_key_setup                            0x08003479   Thumb Code   176  encode_aes.o(i.aes_key_setup)
    fputc                                    0x0800352d   Thumb Code    24  main.o(i.fputc)
    increment_iv                             0x08003549   Thumb Code    32  encode_aes.o(i.increment_iv)
    main                                     0x08003569   Thumb Code   392  main.o(i.main)
    main_Decode                              0x08003711   Thumb Code  1518  main_decode.o(i.main_Decode)
    main_Encode                              0x08003d15   Thumb Code  3232  main_encode.o(i.main_Encode)
    mavlink_sha256_final_48                  0x08004ad9   Thumb Code   140  sysu_sha256.o(i.mavlink_sha256_final_48)
    mavlink_sha256_init                      0x08004b65   Thumb Code    40  sysu_sha256.o(i.mavlink_sha256_init)
    mavlink_sha256_update                    0x08004bad   Thumb Code   126  sysu_sha256.o(i.mavlink_sha256_update)
    sign_Decode                              0x08004c2d   Thumb Code   110  main_decode.o(i.sign_Decode)
    sign_Encode                              0x08004ca1   Thumb Code   110  main_encode.o(i.sign_Encode)
    xor_buf                                  0x08004d15   Thumb Code    22  encode_aes.o(i.xor_buf)
    AHBPrescTable                            0x08004d53   Data          16  system_stm32f4xx.o(.constdata)
    APBPrescTable                            0x08004d63   Data           8  system_stm32f4xx.o(.constdata)
    Region$$Table$$Base                      0x08005968   Number         0  anon$$obj.o(Region$$Table)
    Region$$Table$$Limit                     0x08005988   Number         0  anon$$obj.o(Region$$Table)
    Dynamic_key                              0x20000000   Data           1  main.o(.data)
    mark1                                    0x20000001   Data           1  main.o(.data)
    mark2                                    0x20000002   Data           1  main.o(.data)
    mark3                                    0x20000003   Data           1  main.o(.data)
    mark4                                    0x20000004   Data           1  main.o(.data)
    mark5                                    0x20000005   Data           1  main.o(.data)
    mark6                                    0x20000006   Data           1  main.o(.data)
    mark7                                    0x20000007   Data           1  main.o(.data)
    mark8                                    0x20000008   Data           1  main.o(.data)
    mark9                                    0x20000009   Data           1  main.o(.data)
    mark10                                   0x2000000a   Data           1  main.o(.data)
    MSG1_1                                   0x2000000b   Data           1  main.o(.data)
    MSG1_2                                   0x2000000c   Data           1  main.o(.data)
    MSG1_3                                   0x2000000d   Data           1  main.o(.data)
    MSG2_1                                   0x2000000e   Data           1  main.o(.data)
    MSG2_2                                   0x2000000f   Data           1  main.o(.data)
    MSG2_3                                   0x20000010   Data           1  main.o(.data)
    MSG3_1                                   0x20000011   Data           1  main.o(.data)
    MSG3_2                                   0x20000012   Data           1  main.o(.data)
    MSG3_3                                   0x20000013   Data           1  main.o(.data)
    MSG4_1                                   0x20000014   Data           1  main.o(.data)
    MSG4_2                                   0x20000015   Data           1  main.o(.data)
    MSG4_3                                   0x20000016   Data           1  main.o(.data)
    UART3_Rx_FLAG                            0x20000017   Data           1  main.o(.data)
    Count                                    0x20000018   Data           2  main.o(.data)
    MSG116                                   0x2000001a   Data           2  main.o(.data)
    Time4_stamp                              0x20000020   Data           8  main.o(.data)
    UART2_Rx_FLAG                            0x20000028   Data           1  main.o(.data)
    UART2_RX_LEN                             0x20000029   Data           1  main.o(.data)
    UART3_RX_LEN                             0x2000002a   Data           1  main.o(.data)
    uwTickFreq                               0x2000002c   Data           1  stm32f4xx_hal.o(.data)
    uwTickPrio                               0x20000030   Data           4  stm32f4xx_hal.o(.data)
    uwTick                                   0x20000034   Data           4  stm32f4xx_hal.o(.data)
    SystemCoreClock                          0x20000038   Data           4  system_stm32f4xx.o(.data)
    timestamp_k_1                            0x20000040   Data           8  main_decode.o(.data)
    timestamp_k                              0x20000048   Data           8  main_decode.o(.data)
    timestamp1_k_1                           0x20000050   Data           8  main_decode.o(.data)
    timestamp1_k                             0x20000058   Data           8  main_decode.o(.data)
    timestamp2_k_1                           0x20000060   Data           8  main_decode.o(.data)
    timestamp2_k                             0x20000068   Data           8  main_decode.o(.data)
    timestamp3_k_1                           0x20000070   Data           8  main_decode.o(.data)
    timestamp3_k                             0x20000078   Data           8  main_decode.o(.data)
    timestamp4_k_1                           0x20000080   Data           8  main_decode.o(.data)
    timestamp4_k                             0x20000088   Data           8  main_decode.o(.data)
    key_decode                               0x20000090   Data          32  main_decode.o(.data)
    key_decode1                              0x200000b0   Data          32  main_decode.o(.data)
    key_decode2                              0x200000d0   Data          32  main_decode.o(.data)
    key_decode3                              0x200000f0   Data          32  main_decode.o(.data)
    key_decode4                              0x20000110   Data          32  main_decode.o(.data)
    key_decode5                              0x20000130   Data          32  main_decode.o(.data)
    key_decode6                              0x20000150   Data          32  main_decode.o(.data)
    key_decode7                              0x20000170   Data          32  main_decode.o(.data)
    key_decode8                              0x20000190   Data          32  main_decode.o(.data)
    key_decode9                              0x200001b0   Data          32  main_decode.o(.data)
    key_decode10                             0x200001d0   Data          32  main_decode.o(.data)
    iv_decode                                0x200001f0   Data          16  main_decode.o(.data)
    key                                      0x20000200   Data          32  main_encode.o(.data)
    key1                                     0x20000220   Data          32  main_encode.o(.data)
    key2                                     0x20000240   Data          32  main_encode.o(.data)
    key3                                     0x20000260   Data          32  main_encode.o(.data)
    key4                                     0x20000280   Data          32  main_encode.o(.data)
    key5                                     0x200002a0   Data          32  main_encode.o(.data)
    key6                                     0x200002c0   Data          32  main_encode.o(.data)
    key7                                     0x200002e0   Data          32  main_encode.o(.data)
    key8                                     0x20000300   Data          32  main_encode.o(.data)
    key9                                     0x20000320   Data          32  main_encode.o(.data)
    key10                                    0x20000340   Data          32  main_encode.o(.data)
    iv                                       0x20000360   Data          16  main_encode.o(.data)
    __stdout                                 0x20000370   Data           4  stdout.o(.data)
    htim2                                    0x20000374   Data          72  main.o(.bss)
    htim3                                    0x200003bc   Data          72  main.o(.bss)
    htim4                                    0x20000404   Data          72  main.o(.bss)
    huart4                                   0x2000044c   Data          68  main.o(.bss)
    huart5                                   0x20000490   Data          68  main.o(.bss)
    huart2                                   0x200004d4   Data          68  main.o(.bss)
    huart3                                   0x20000518   Data          68  main.o(.bss)
    msg_before_encode1                       0x2000055c   Data         100  main.o(.bss)
    msg_before_encode2                       0x200005c0   Data         100  main.o(.bss)
    msg_before_encode3                       0x20000624   Data         100  main.o(.bss)
    msg_before_encode4                       0x20000688   Data         100  main.o(.bss)
    msg_before_encode5                       0x200006ec   Data         100  main.o(.bss)
    msg_before_encode6                       0x20000750   Data         100  main.o(.bss)
    msg_before_encode7                       0x200007b4   Data         100  main.o(.bss)
    msg_before_encode8                       0x20000818   Data         100  main.o(.bss)
    msg_before_encode9                       0x2000087c   Data         100  main.o(.bss)
    msg_before_encode10                      0x200008e0   Data         100  main.o(.bss)
    UART3_Rx_Buffer                          0x20000944   Data         250  main.o(.bss)
    hdma_uart4_rx                            0x20000a40   Data          96  main.o(.bss)
    hdma_uart4_tx                            0x20000aa0   Data          96  main.o(.bss)
    hdma_uart5_rx                            0x20000b00   Data          96  main.o(.bss)
    hdma_uart5_tx                            0x20000b60   Data          96  main.o(.bss)
    hdma_usart2_rx                           0x20000bc0   Data          96  main.o(.bss)
    hdma_usart2_tx                           0x20000c20   Data          96  main.o(.bss)
    hdma_usart3_rx                           0x20000c80   Data          96  main.o(.bss)
    hdma_usart3_tx                           0x20000ce0   Data          96  main.o(.bss)
    UART2_Rx_Buffer                          0x20000d40   Data         250  main.o(.bss)
    htim1                                    0x20000e3c   Data          72  stm32f4xx_hal_timebase_tim.o(.bss)
    pFlash                                   0x20000e84   Data          32  stm32f4xx_hal_flash.o(.bss)
    key_schedule_decode                      0x20000ea8   Data         240  main_decode.o(.bss)
    signing_decode                           0x20000f98   Data          48  main_decode.o(.bss)
    signature_decode                         0x20000fc8   Data          14  main_decode.o(.bss)
    sign_frame_decode                        0x20000fd6   Data          14  main_decode.o(.bss)
    key_schedule                             0x20000fe8   Data         240  main_encode.o(.bss)
    signing                                  0x200010d8   Data          48  main_encode.o(.bss)
    signature                                0x20001108   Data          14  main_encode.o(.bss)
    sign_frame                               0x20001116   Data          14  main_encode.o(.bss)
    __initial_sp                             0x20001528   Data           0  startup_stm32f415xx.o(STACK)



==============================================================================

Memory Map of the image

  Image Entry point : 0x08000189

  Load Region LR_IROM1 (Base: 0x08000000, Size: 0x00005cfc, Max: 0x00100000, ABSOLUTE, COMPRESSED[0x00005a04])

    Execution Region ER_IROM1 (Base: 0x08000000, Size: 0x00005988, Max: 0x00100000, ABSOLUTE)

    Base Addr    Size         Type   Attr      Idx    E Section Name        Object

    0x08000000   0x00000188   Data   RO            3    RESET               startup_stm32f415xx.o
    0x08000188   0x00000000   Code   RO         3297  * .ARM.Collect$$$$00000000  mc_w.l(entry.o)
    0x08000188   0x00000004   Code   RO         3599    .ARM.Collect$$$$00000001  mc_w.l(entry2.o)
    0x0800018c   0x00000004   Code   RO         3602    .ARM.Collect$$$$00000004  mc_w.l(entry5.o)
    0x08000190   0x00000000   Code   RO         3604    .ARM.Collect$$$$00000008  mc_w.l(entry7b.o)
    0x08000190   0x00000000   Code   RO         3606    .ARM.Collect$$$$0000000A  mc_w.l(entry8b.o)
    0x08000190   0x00000008   Code   RO         3607    .ARM.Collect$$$$0000000B  mc_w.l(entry9a.o)
    0x08000198   0x00000000   Code   RO         3609    .ARM.Collect$$$$0000000D  mc_w.l(entry10a.o)
    0x08000198   0x00000000   Code   RO         3611    .ARM.Collect$$$$0000000F  mc_w.l(entry11a.o)
    0x08000198   0x00000004   Code   RO         3600    .ARM.Collect$$$$00002712  mc_w.l(entry2.o)
    0x0800019c   0x00000024   Code   RO            4    .text               startup_stm32f415xx.o
    0x080001c0   0x00000062   Code   RO         3300    .text               mc_w.l(uldiv.o)
    0x08000222   0x00000024   Code   RO         3302    .text               mc_w.l(memcpya.o)
    0x08000246   0x00000024   Code   RO         3304    .text               mc_w.l(memseta.o)
    0x0800026a   0x0000001a   Code   RO         3306    .text               mc_w.l(memcmp.o)
    0x08000284   0x0000002c   Code   RO         3614    .text               mc_w.l(uidiv.o)
    0x080002b0   0x0000001e   Code   RO         3616    .text               mc_w.l(llshl.o)
    0x080002ce   0x00000020   Code   RO         3618    .text               mc_w.l(llushr.o)
    0x080002ee   0x00000002   PAD
    0x080002f0   0x00000024   Code   RO         3633    .text               mc_w.l(init.o)
    0x08000314   0x0000005e   Code   RO         3647    .text               mc_w.l(__dclz77c.o)
    0x08000372   0x00000084   Code   RO         3019    i.AddRoundKey       encode_aes.o
    0x080003f6   0x00000002   Code   RO          240    i.BusFault_Handler  stm32f4xx_it.o
    0x080003f8   0x0000000c   Code   RO          241    i.DMA1_Stream0_IRQHandler  stm32f4xx_it.o
    0x08000404   0x0000000c   Code   RO          242    i.DMA1_Stream1_IRQHandler  stm32f4xx_it.o
    0x08000410   0x0000000c   Code   RO          243    i.DMA1_Stream2_IRQHandler  stm32f4xx_it.o
    0x0800041c   0x0000000c   Code   RO          244    i.DMA1_Stream3_IRQHandler  stm32f4xx_it.o
    0x08000428   0x0000000c   Code   RO          245    i.DMA1_Stream4_IRQHandler  stm32f4xx_it.o
    0x08000434   0x0000000c   Code   RO          246    i.DMA1_Stream5_IRQHandler  stm32f4xx_it.o
    0x08000440   0x0000000c   Code   RO          247    i.DMA1_Stream6_IRQHandler  stm32f4xx_it.o
    0x0800044c   0x0000000c   Code   RO          248    i.DMA1_Stream7_IRQHandler  stm32f4xx_it.o
    0x08000458   0x00000028   Code   RO         1936    i.DMA_CalcBaseAndBitshift  stm32f4xx_hal_dma.o
    0x08000480   0x00000054   Code   RO         1937    i.DMA_CheckFifoParam  stm32f4xx_hal_dma.o
    0x080004d4   0x00000028   Code   RO         1938    i.DMA_SetConfig     stm32f4xx_hal_dma.o
    0x080004fc   0x00000002   Code   RO          249    i.DebugMon_Handler  stm32f4xx_it.o
    0x080004fe   0x00000004   Code   RO           13    i.Error_Handler     main.o
    0x08000502   0x00000002   PAD
    0x08000504   0x00000050   Code   RO         1751    i.FLASH_Erase_Sector  stm32f4xx_hal_flash_ex.o
    0x08000554   0x00000054   Code   RO         1752    i.FLASH_FlushCaches  stm32f4xx_hal_flash_ex.o
    0x080005a8   0x00000028   Code   RO         1753    i.FLASH_MassErase   stm32f4xx_hal_flash_ex.o
    0x080005d0   0x00000068   Code   RO         1637    i.FLASH_SetErrorCode  stm32f4xx_hal_flash.o
    0x08000638   0x00000050   Code   RO         1638    i.FLASH_WaitForLastOperation  stm32f4xx_hal_flash.o
    0x08000688   0x0000008e   Code   RO         1939    i.HAL_DMA_Abort     stm32f4xx_hal_dma.o
    0x08000716   0x00000024   Code   RO         1940    i.HAL_DMA_Abort_IT  stm32f4xx_hal_dma.o
    0x0800073a   0x00000002   PAD
    0x0800073c   0x000001a0   Code   RO         1944    i.HAL_DMA_IRQHandler  stm32f4xx_hal_dma.o
    0x080008dc   0x000000d4   Code   RO         1945    i.HAL_DMA_Init      stm32f4xx_hal_dma.o
    0x080009b0   0x0000006e   Code   RO         1949    i.HAL_DMA_Start_IT  stm32f4xx_hal_dma.o
    0x08000a1e   0x00000002   PAD
    0x08000a20   0x00000098   Code   RO         1754    i.HAL_FLASHEx_Erase  stm32f4xx_hal_flash_ex.o
    0x08000ab8   0x00000014   Code   RO         1642    i.HAL_FLASH_Lock    stm32f4xx_hal_flash.o
    0x08000acc   0x0000002c   Code   RO         1649    i.HAL_FLASH_Unlock  stm32f4xx_hal_flash.o
    0x08000af8   0x000001ec   Code   RO         1832    i.HAL_GPIO_Init     stm32f4xx_hal_gpio.o
    0x08000ce4   0x0000000a   Code   RO         1836    i.HAL_GPIO_WritePin  stm32f4xx_hal_gpio.o
    0x08000cee   0x00000002   PAD
    0x08000cf0   0x0000000c   Code   RO         2364    i.HAL_GetTick       stm32f4xx_hal.o
    0x08000cfc   0x00000010   Code   RO         2370    i.HAL_IncTick       stm32f4xx_hal.o
    0x08000d0c   0x00000034   Code   RO         2371    i.HAL_Init          stm32f4xx_hal.o
    0x08000d40   0x00000074   Code   RO          465    i.HAL_InitTick      stm32f4xx_hal_timebase_tim.o
    0x08000db4   0x00000030   Code   RO          416    i.HAL_MspInit       stm32f4xx_hal_msp.o
    0x08000de4   0x0000001a   Code   RO         2221    i.HAL_NVIC_EnableIRQ  stm32f4xx_hal_cortex.o
    0x08000dfe   0x00000002   PAD
    0x08000e00   0x00000040   Code   RO         2227    i.HAL_NVIC_SetPriority  stm32f4xx_hal_cortex.o
    0x08000e40   0x00000024   Code   RO         2228    i.HAL_NVIC_SetPriorityGrouping  stm32f4xx_hal_cortex.o
    0x08000e64   0x00000134   Code   RO         1478    i.HAL_RCC_ClockConfig  stm32f4xx_hal_rcc.o
    0x08000f98   0x00000040   Code   RO         1482    i.HAL_RCC_GetClockConfig  stm32f4xx_hal_rcc.o
    0x08000fd8   0x00000020   Code   RO         1485    i.HAL_RCC_GetPCLK1Freq  stm32f4xx_hal_rcc.o
    0x08000ff8   0x00000020   Code   RO         1486    i.HAL_RCC_GetPCLK2Freq  stm32f4xx_hal_rcc.o
    0x08001018   0x00000064   Code   RO         1487    i.HAL_RCC_GetSysClockFreq  stm32f4xx_hal_rcc.o
    0x0800107c   0x0000036c   Code   RO         1490    i.HAL_RCC_OscConfig  stm32f4xx_hal_rcc.o
    0x080013e8   0x00000002   Code   RO         1210    i.HAL_TIMEx_BreakCallback  stm32f4xx_hal_tim_ex.o
    0x080013ea   0x00000002   Code   RO         1211    i.HAL_TIMEx_CommutCallback  stm32f4xx_hal_tim_ex.o
    0x080013ec   0x00000090   Code   RO         1229    i.HAL_TIMEx_MasterConfigSynchronization  stm32f4xx_hal_tim_ex.o
    0x0800147c   0x0000005a   Code   RO          506    i.HAL_TIM_Base_Init  stm32f4xx_hal_tim.o
    0x080014d6   0x00000002   PAD
    0x080014d8   0x00000088   Code   RO          418    i.HAL_TIM_Base_MspInit  stm32f4xx_hal_msp.o
    0x08001560   0x00000080   Code   RO          511    i.HAL_TIM_Base_Start_IT  stm32f4xx_hal_tim.o
    0x080015e0   0x000000d6   Code   RO          515    i.HAL_TIM_ConfigClockSource  stm32f4xx_hal_tim.o
    0x080016b6   0x00000002   Code   RO          540    i.HAL_TIM_IC_CaptureCallback  stm32f4xx_hal_tim.o
    0x080016b8   0x00000166   Code   RO          554    i.HAL_TIM_IRQHandler  stm32f4xx_hal_tim.o
    0x0800181e   0x00000002   Code   RO          557    i.HAL_TIM_OC_DelayElapsedCallback  stm32f4xx_hal_tim.o
    0x08001820   0x00000002   Code   RO          584    i.HAL_TIM_PWM_PulseFinishedCallback  stm32f4xx_hal_tim.o
    0x08001822   0x00000002   PAD
    0x08001824   0x000001dc   Code   RO           14    i.HAL_TIM_PeriodElapsedCallback  main.o
    0x08001a00   0x00000002   Code   RO          597    i.HAL_TIM_TriggerCallback  stm32f4xx_hal_tim.o
    0x08001a02   0x00000002   Code   RO         2620    i.HAL_UARTEx_RxEventCallback  stm32f4xx_hal_uart.o
    0x08001a04   0x00000058   Code   RO         2632    i.HAL_UART_DMAStop  stm32f4xx_hal_uart.o
    0x08001a5c   0x00000002   Code   RO         2634    i.HAL_UART_ErrorCallback  stm32f4xx_hal_uart.o
    0x08001a5e   0x00000002   PAD
    0x08001a60   0x00000210   Code   RO         2637    i.HAL_UART_IRQHandler  stm32f4xx_hal_uart.o
    0x08001c70   0x00000062   Code   RO         2638    i.HAL_UART_Init     stm32f4xx_hal_uart.o
    0x08001cd2   0x00000002   PAD
    0x08001cd4   0x00000350   Code   RO          420    i.HAL_UART_MspInit  stm32f4xx_hal_msp.o
    0x08002024   0x0000002a   Code   RO         2642    i.HAL_UART_Receive_DMA  stm32f4xx_hal_uart.o
    0x0800204e   0x00000002   Code   RO         2644    i.HAL_UART_RxCpltCallback  stm32f4xx_hal_uart.o
    0x08002050   0x00000002   Code   RO         2645    i.HAL_UART_RxHalfCpltCallback  stm32f4xx_hal_uart.o
    0x08002052   0x00000002   PAD
    0x08002054   0x000000b2   Code   RO         2646    i.HAL_UART_Transmit  stm32f4xx_hal_uart.o
    0x08002106   0x00000002   Code   RO         2649    i.HAL_UART_TxCpltCallback  stm32f4xx_hal_uart.o
    0x08002108   0x00000002   Code   RO          250    i.HardFault_Handler  stm32f4xx_it.o
    0x0800210a   0x00000002   PAD
    0x0800210c   0x0000009c   Code   RO           15    i.MX_DMA_Init       main.o
    0x080021a8   0x0000008c   Code   RO           16    i.MX_GPIO_Init      main.o
    0x08002234   0x0000006c   Code   RO           17    i.MX_TIM2_Init      main.o
    0x080022a0   0x0000006c   Code   RO           18    i.MX_TIM3_Init      main.o
    0x0800230c   0x00000068   Code   RO           19    i.MX_TIM4_Init      main.o
    0x08002374   0x00000040   Code   RO           20    i.MX_USART2_UART_Init  main.o
    0x080023b4   0x00000050   Code   RO           21    i.MX_USART3_UART_Init  main.o
    0x08002404   0x00000002   Code   RO          251    i.MemManage_Handler  stm32f4xx_it.o
    0x08002406   0x00000002   PAD
    0x08002408   0x000001e4   Code   RO         3023    i.MixColumns        encode_aes.o
    0x080025ec   0x00000002   Code   RO          252    i.NMI_Handler       stm32f4xx_it.o
    0x080025ee   0x00000002   Code   RO          253    i.PendSV_Handler    stm32f4xx_it.o
    0x080025f0   0x00000002   Code   RO          254    i.SVC_Handler       stm32f4xx_it.o
    0x080025f2   0x00000032   Code   RO         3024    i.ShiftRows         encode_aes.o
    0x08002624   0x00000108   Code   RO         3025    i.SubBytes          encode_aes.o
    0x0800272c   0x0000004c   Code   RO         3026    i.SubWord           encode_aes.o
    0x08002778   0x00000002   Code   RO          255    i.SysTick_Handler   stm32f4xx_it.o
    0x0800277a   0x00000002   PAD
    0x0800277c   0x00000094   Code   RO           22    i.SystemClock_Config  main.o
    0x08002810   0x00000010   Code   RO         2967    i.SystemInit        system_stm32f4xx.o
    0x08002820   0x0000000c   Code   RO          256    i.TIM1_UP_TIM10_IRQHandler  stm32f4xx_it.o
    0x0800282c   0x0000000c   Code   RO          257    i.TIM2_IRQHandler   stm32f4xx_it.o
    0x08002838   0x0000000c   Code   RO          258    i.TIM3_IRQHandler   stm32f4xx_it.o
    0x08002844   0x0000000c   Code   RO          259    i.TIM4_IRQHandler   stm32f4xx_it.o
    0x08002850   0x000000c8   Code   RO          599    i.TIM_Base_SetConfig  stm32f4xx_hal_tim.o
    0x08002918   0x00000014   Code   RO          610    i.TIM_ETR_SetConfig  stm32f4xx_hal_tim.o
    0x0800292c   0x00000010   Code   RO          611    i.TIM_ITRx_SetConfig  stm32f4xx_hal_tim.o
    0x0800293c   0x00000022   Code   RO          617    i.TIM_TI1_ConfigInputStage  stm32f4xx_hal_tim.o
    0x0800295e   0x00000024   Code   RO          619    i.TIM_TI2_ConfigInputStage  stm32f4xx_hal_tim.o
    0x08002982   0x00000002   PAD
    0x08002984   0x0000000c   Code   RO          260    i.UART4_IRQHandler  stm32f4xx_it.o
    0x08002990   0x0000000c   Code   RO          261    i.UART5_IRQHandler  stm32f4xx_it.o
    0x0800299c   0x00000010   Code   RO         2651    i.UART_DMAAbortOnError  stm32f4xx_hal_uart.o
    0x080029ac   0x0000004a   Code   RO         2652    i.UART_DMAError     stm32f4xx_hal_uart.o
    0x080029f6   0x0000005a   Code   RO         2653    i.UART_DMAReceiveCplt  stm32f4xx_hal_uart.o
    0x08002a50   0x0000001a   Code   RO         2655    i.UART_DMARxHalfCplt  stm32f4xx_hal_uart.o
    0x08002a6a   0x00000030   Code   RO         2661    i.UART_EndRxTransfer  stm32f4xx_hal_uart.o
    0x08002a9a   0x00000012   Code   RO         2662    i.UART_EndTxTransfer  stm32f4xx_hal_uart.o
    0x08002aac   0x000000ae   Code   RO         2663    i.UART_Receive_IT   stm32f4xx_hal_uart.o
    0x08002b5a   0x00000002   PAD
    0x08002b5c   0x0000010c   Code   RO         2664    i.UART_SetConfig    stm32f4xx_hal_uart.o
    0x08002c68   0x00000070   Code   RO         2665    i.UART_Start_Receive_DMA  stm32f4xx_hal_uart.o
    0x08002cd8   0x00000064   Code   RO         2667    i.UART_WaitOnFlagUntilTimeout  stm32f4xx_hal_uart.o
    0x08002d3c   0x000001d0   Code   RO          262    i.USART2_IRQHandler  stm32f4xx_it.o
    0x08002f0c   0x00000074   Code   RO          263    i.USART3_IRQHandler  stm32f4xx_it.o
    0x08002f80   0x00000002   Code   RO          264    i.UsageFault_Handler  stm32f4xx_it.o
    0x08002f82   0x00000002   PAD
    0x08002f84   0x0000004c   Code   RO           23    i.XHMY              main.o
    0x08002fd0   0x00000020   Code   RO         3355    i.__0printf$1       mc_w.l(printf1.o)
    0x08002ff0   0x00000020   Code   RO         2234    i.__NVIC_SetPriority  stm32f4xx_hal_cortex.o
    0x08003010   0x0000000e   Code   RO         3641    i.__scatterload_copy  mc_w.l(handlers.o)
    0x0800301e   0x00000002   Code   RO         3642    i.__scatterload_null  mc_w.l(handlers.o)
    0x08003020   0x0000000e   Code   RO         3643    i.__scatterload_zeroinit  mc_w.l(handlers.o)
    0x0800302e   0x00000002   PAD
    0x08003030   0x00000154   Code   RO         3362    i._printf_core      mc_w.l(printf1.o)
    0x08003184   0x00000010   Code   RO         3030    i.aes_decrypt_ctr   encode_aes.o
    0x08003194   0x00000270   Code   RO         3031    i.aes_encrypt       encode_aes.o
    0x08003404   0x00000074   Code   RO         3035    i.aes_encrypt_ctr   encode_aes.o
    0x08003478   0x000000b4   Code   RO         3036    i.aes_key_setup     encode_aes.o
    0x0800352c   0x0000001c   Code   RO           24    i.fputc             main.o
    0x08003548   0x00000020   Code   RO         3041    i.increment_iv      encode_aes.o
    0x08003568   0x000001a8   Code   RO           25    i.main              main.o
    0x08003710   0x00000604   Code   RO         3185    i.main_Decode       main_decode.o
    0x08003d14   0x00000ca0   Code   RO         3226    i.main_Encode       main_encode.o
    0x080049b4   0x00000124   Code   RO         3263    i.mavlink_sha256_calc  sysu_sha256.o
    0x08004ad8   0x0000008c   Code   RO         3264    i.mavlink_sha256_final_48  sysu_sha256.o
    0x08004b64   0x00000048   Code   RO         3265    i.mavlink_sha256_init  sysu_sha256.o
    0x08004bac   0x0000007e   Code   RO         3266    i.mavlink_sha256_update  sysu_sha256.o
    0x08004c2a   0x00000002   PAD
    0x08004c2c   0x00000074   Code   RO         3186    i.sign_Decode       main_decode.o
    0x08004ca0   0x00000074   Code   RO         3227    i.sign_Encode       main_encode.o
    0x08004d14   0x00000016   Code   RO         3042    i.xor_buf           encode_aes.o
    0x08004d2a   0x00000021   Data   RO           37    .constdata          main.o
    0x08004d4b   0x00000008   Data   RO         1951    .constdata          stm32f4xx_hal_dma.o
    0x08004d53   0x00000010   Data   RO         2968    .constdata          system_stm32f4xx.o
    0x08004d63   0x00000008   Data   RO         2969    .constdata          system_stm32f4xx.o
    0x08004d6b   0x00000001   PAD
    0x08004d6c   0x0000083c   Data   RO         3043    .constdata          encode_aes.o
    0x080055a8   0x00000160   Data   RO         3188    .constdata          main_decode.o
    0x08005708   0x00000160   Data   RO         3229    .constdata          main_encode.o
    0x08005868   0x00000100   Data   RO         3267    .constdata          sysu_sha256.o
    0x08005968   0x00000020   Data   RO         3639    Region$$Table       anon$$obj.o


    Execution Region RW_IRAM1 (Base: 0x20000000, Size: 0x00001528, Max: 0x00020000, ABSOLUTE, COMPRESSED[0x0000007c])

    Base Addr    Size         Type   Attr      Idx    E Section Name        Object

    0x20000000   0x00000028   Data   RW           38    .data               main.o
    0x20000028   0x00000001   Data   RW           40    .data               main.o
    0x20000029   0x00000001   Data   RW           41    .data               main.o
    0x2000002a   0x00000001   Data   RW           42    .data               main.o
    0x2000002b   0x00000001   PAD
    0x2000002c   0x0000000c   Data   RW         2378    .data               stm32f4xx_hal.o
    0x20000038   0x00000004   Data   RW         2970    .data               system_stm32f4xx.o
    0x2000003c   0x00000004   PAD
    0x20000040   0x000001c0   Data   RW         3189    .data               main_decode.o
    0x20000200   0x00000170   Data   RW         3230    .data               main_encode.o
    0x20000370   0x00000004   Data   RW         3613    .data               mc_w.l(stdout.o)
    0x20000374   0x000006ca   Zero   RW           26    .bss                main.o
    0x20000a3e   0x00000002   PAD
    0x20000a40   0x00000060   Zero   RW           27    .bss                main.o
    0x20000aa0   0x00000060   Zero   RW           28    .bss                main.o
    0x20000b00   0x00000060   Zero   RW           29    .bss                main.o
    0x20000b60   0x00000060   Zero   RW           30    .bss                main.o
    0x20000bc0   0x00000060   Zero   RW           31    .bss                main.o
    0x20000c20   0x00000060   Zero   RW           32    .bss                main.o
    0x20000c80   0x00000060   Zero   RW           33    .bss                main.o
    0x20000ce0   0x00000060   Zero   RW           34    .bss                main.o
    0x20000d40   0x000000fa   Zero   RW           35    .bss                main.o
    0x20000e3a   0x00000002   PAD
    0x20000e3c   0x00000048   Zero   RW          468    .bss                stm32f4xx_hal_timebase_tim.o
    0x20000e84   0x00000020   Zero   RW         1650    .bss                stm32f4xx_hal_flash.o
    0x20000ea4   0x00000004   PAD
    0x20000ea8   0x0000013c   Zero   RW         3187    .bss                main_decode.o
    0x20000fe4   0x00000004   PAD
    0x20000fe8   0x0000013c   Zero   RW         3228    .bss                main_encode.o
    0x20001124   0x00000004   PAD
    0x20001128   0x00000400   Zero   RW            1    STACK               startup_stm32f415xx.o


==============================================================================

Image component sizes


      Code (inc. data)   RO Data    RW Data    ZI Data      Debug   Object Name

      1996         18       2108          0          0      10749   encode_aes.o
      1916        302         33         43       2756     672615   main.o
      1656        120        352        448        316       6504   main_decode.o
      3348        102        352        368        316       9082   main_encode.o
        36          8        392          0       1024        848   startup_stm32f415xx.o
        80         14          0         12          0       8154   stm32f4xx_hal.o
       158         14          0          0          0      33218   stm32f4xx_hal_cortex.o
      1080         16          8          0          0       7466   stm32f4xx_hal_dma.o
       248         34          0          0         32       2874   stm32f4xx_hal_flash.o
       356         24          0          0          0       4062   stm32f4xx_hal_flash_ex.o
       502         44          0          0          0       2224   stm32f4xx_hal_gpio.o
      1032         92          0          0          0       3502   stm32f4xx_hal_msp.o
      1412         86          0          0          0       5985   stm32f4xx_hal_rcc.o
      1104         72          0          0          0      10293   stm32f4xx_hal_tim.o
       148         28          0          0          0       2505   stm32f4xx_hal_tim_ex.o
       116         16          0          0         72       1431   stm32f4xx_hal_timebase_tim.o
      1870         30          0          0          0      15637   stm32f4xx_hal_uart.o
       766        204          0          0          0      13747   stm32f4xx_it.o
        16          4         24          4          0       1143   system_stm32f4xx.o
       630         38        256          0          0       4864   sysu_sha256.o

    ----------------------------------------------------------------------
     18504       1266       3558        880       4532     816903   Object Totals
         0          0         32          0          0          0   (incl. Generated)
        34          0          1          5         16          0   (incl. Padding)

    ----------------------------------------------------------------------

      Code (inc. data)   RO Data    RW Data    ZI Data      Debug   Library Member Name

        94          0          0          0          0          0   __dclz77c.o
         0          0          0          0          0          0   entry.o
         0          0          0          0          0          0   entry10a.o
         0          0          0          0          0          0   entry11a.o
         8          4          0          0          0          0   entry2.o
         4          0          0          0          0          0   entry5.o
         0          0          0          0          0          0   entry7b.o
         0          0          0          0          0          0   entry8b.o
         8          4          0          0          0          0   entry9a.o
        30          0          0          0          0          0   handlers.o
        36          8          0          0          0         68   init.o
        30          0          0          0          0         68   llshl.o
        32          0          0          0          0         68   llushr.o
        26          0          0          0          0         80   memcmp.o
        36          0          0          0          0         68   memcpya.o
        36          0          0          0          0        108   memseta.o
       372         14          0          0          0        184   printf1.o
         0          0          0          4          0          0   stdout.o
        44          0          0          0          0         80   uidiv.o
        98          0          0          0          0         92   uldiv.o

    ----------------------------------------------------------------------
       858         30          0          4          0        816   Library Totals
         4          0          0          0          0          0   (incl. Padding)

    ----------------------------------------------------------------------

      Code (inc. data)   RO Data    RW Data    ZI Data      Debug   Library Name

       854         30          0          4          0        816   mc_w.l

    ----------------------------------------------------------------------
       858         30          0          4          0        816   Library Totals

    ----------------------------------------------------------------------

==============================================================================


      Code (inc. data)   RO Data    RW Data    ZI Data      Debug   

     19362       1296       3558        884       4532     805439   Grand Totals
     19362       1296       3558        124       4532     805439   ELF Image Totals (compressed)
     19362       1296       3558        124          0          0   ROM Totals

==============================================================================

    Total RO  Size (Code + RO Data)                22920 (  22.38kB)
    Total RW  Size (RW Data + ZI Data)              5416 (   5.29kB)
    Total ROM Size (Code + RO Data + RW Data)      23044 (  22.50kB)

==============================================================================

